==========================================
Starting Darshan parsing
Input directory: /work/hdd/bdau/mbanisharifdehkordi/E2E/Parser/Study3/case4
Output CSV: /work/hdd/bdau/mbanisharifdehkordi/E2E/Parser/Study3/case4/parsed.csv
Sample CSV: /work/hdd/bdau/mbanisharifdehkordi/E2E/Parser/sample_train_100.csv
Temp directory: /tmp/darshan_parse_12364963
Using darshan-parser from: /u/mbanisharifdehkordi/darshan-fresh/bin/darshan-parser
==========================================
Input Darshan files:
  /work/hdd/bdau/mbanisharifdehkordi/E2E/Parser/Study3/case4/e2e_decomp_fixed_proper_12364913.darshan
Total files to process: 1
==========================================
Found 1 Darshan files to process

Processing 1/1: e2e_decomp_fixed_proper_12364913.darshan
  Parsing POSIX counters:
    RAW: total_POSIX_OPENS = 65
    RAW: total_POSIX_FILENOS = 0
    RAW: total_POSIX_DUPS = 0
    RAW: total_POSIX_READS = 0
    RAW: total_POSIX_WRITES = 11557
    RAW: total_POSIX_SEEKS = 4
    RAW: total_POSIX_STATS = 0
    RAW: total_POSIX_MMAPS = -1
    WARNING: Negative value for total_POSIX_MMAPS: -1
    RAW: total_POSIX_FSYNCS = 128
    RAW: total_POSIX_FDSYNCS = 0
    RAW: total_POSIX_RENAME_SOURCES = 0
    RAW: total_POSIX_RENAME_TARGETS = 0
    RAW: total_POSIX_RENAMED_FROM = 0
    RAW: total_POSIX_MODE = 0
    RAW: total_POSIX_BYTES_READ = 0
    RAW: total_POSIX_BYTES_WRITTEN = 1342517144
    RAW: total_POSIX_MAX_BYTE_READ = 0
    RAW: total_POSIX_MAX_BYTE_WRITTEN = 1342193451
    RAW: total_POSIX_CONSEC_READS = 0
    RAW: total_POSIX_CONSEC_WRITES = 1277
    RAW: total_POSIX_SEQ_READS = 0
    RAW: total_POSIX_SEQ_WRITES = 11528
    RAW: total_POSIX_RW_SWITCHES = 0
    RAW: total_POSIX_MEM_NOT_ALIGNED = 0
    RAW: total_POSIX_MEM_ALIGNMENT = 8
    RAW: total_POSIX_FILE_NOT_ALIGNED = 11555
    RAW: total_POSIX_FILE_ALIGNMENT = 1048576
    RAW: total_POSIX_MAX_READ_TIME_SIZE = 0
    RAW: total_POSIX_MAX_WRITE_TIME_SIZE = 32
    RAW: total_POSIX_SIZE_READ_0_100 = 0
    RAW: total_POSIX_SIZE_READ_100_1K = 0
    RAW: total_POSIX_SIZE_READ_1K_10K = 0
    RAW: total_POSIX_SIZE_READ_10K_100K = 0
    RAW: total_POSIX_SIZE_READ_100K_1M = 0
    RAW: total_POSIX_SIZE_READ_1M_4M = 0
    RAW: total_POSIX_SIZE_READ_4M_10M = 0
    RAW: total_POSIX_SIZE_READ_10M_100M = 0
    RAW: total_POSIX_SIZE_READ_100M_1G = 0
    RAW: total_POSIX_SIZE_READ_1G_PLUS = 0
    RAW: total_POSIX_SIZE_WRITE_0_100 = 10246
    RAW: total_POSIX_SIZE_WRITE_100_1K = 30
    RAW: total_POSIX_SIZE_WRITE_1K_10K = 1
    RAW: total_POSIX_SIZE_WRITE_10K_100K = 0
    RAW: total_POSIX_SIZE_WRITE_100K_1M = 1280
    RAW: total_POSIX_SIZE_WRITE_1M_4M = 0
    RAW: total_POSIX_SIZE_WRITE_4M_10M = 0
    RAW: total_POSIX_SIZE_WRITE_10M_100M = 0
    RAW: total_POSIX_SIZE_WRITE_100M_1G = 0
    RAW: total_POSIX_SIZE_WRITE_1G_PLUS = 0
    RAW: total_POSIX_STRIDE1_STRIDE = 2016
    RAW: total_POSIX_STRIDE2_STRIDE = 518112
    RAW: total_POSIX_STRIDE3_STRIDE = 132638688
    RAW: total_POSIX_STRIDE4_STRIDE = 132640736
    RAW: total_POSIX_STRIDE1_COUNT = 7680
    RAW: total_POSIX_STRIDE2_COUNT = 1920
    RAW: total_POSIX_STRIDE3_COUNT = 448
    RAW: total_POSIX_STRIDE4_COUNT = 128
    RAW: total_POSIX_ACCESS1_ACCESS = 1048576
    RAW: total_POSIX_ACCESS2_ACCESS = 32
    RAW: total_POSIX_ACCESS3_ACCESS = 48
    RAW: total_POSIX_ACCESS4_ACCESS = 324
    RAW: total_POSIX_ACCESS1_COUNT = 1280
    RAW: total_POSIX_ACCESS2_COUNT = 10240
    RAW: total_POSIX_ACCESS3_COUNT = 2
    RAW: total_POSIX_ACCESS4_COUNT = 3
    RAW: total_POSIX_FASTEST_RANK = 5
    RAW: total_POSIX_FASTEST_RANK_BYTES = 5388
    RAW: total_POSIX_SLOWEST_RANK = 0
    RAW: total_POSIX_SLOWEST_RANK_BYTES = 1342182496
    RAW: total_POSIX_F_OPEN_START_TIMESTAMP = 0.972098
    RAW: total_POSIX_F_READ_START_TIMESTAMP = 0.000000
    RAW: total_POSIX_F_WRITE_START_TIMESTAMP = 1.569134
    RAW: total_POSIX_F_CLOSE_START_TIMESTAMP = 0.993289
    RAW: total_POSIX_F_OPEN_END_TIMESTAMP = 1.044481
    RAW: total_POSIX_F_READ_END_TIMESTAMP = 0.000000
    RAW: total_POSIX_F_WRITE_END_TIMESTAMP = 5.945128
    RAW: total_POSIX_F_CLOSE_END_TIMESTAMP = 5.946265
    RAW: total_POSIX_F_READ_TIME = 0.000000
    RAW: total_POSIX_F_WRITE_TIME = 49.019451
    RAW: total_POSIX_F_META_TIME = 1.496943
    RAW: total_POSIX_F_MAX_READ_TIME = 0.000000
    RAW: total_POSIX_F_MAX_WRITE_TIME = 0.191781
    RAW: total_POSIX_F_FASTEST_RANK_TIME = 0.566832
    RAW: total_POSIX_F_SLOWEST_RANK_TIME = 2.886356
    RAW: total_POSIX_F_VARIANCE_RANK_TIME = 0.000000
    RAW: total_POSIX_F_VARIANCE_RANK_BYTES = 0.000000
  Found runtime: 5.8741 seconds
    AIIO Performance Calculation:
      Total bytes: 1342517144.0 (0.0 read + 1342517144.0 written)
      Runtime: 5.8741 seconds
      Performance: 217.96 MiB/s
  Parsing Lustre data:
    Found LUSTRE_STRIPE_SIZE = 1048576
    Found LUSTRE_STRIPE_WIDTH = 12
    Found LUSTRE_STRIPE_SIZE = 1048576
    Found LUSTRE_STRIPE_WIDTH = 12
    Found LUSTRE_STRIPE_SIZE = 1048576
    Found LUSTRE_STRIPE_WIDTH = 12
    Found LUSTRE_STRIPE_SIZE = 1048576
    Found LUSTRE_STRIPE_WIDTH = 12
    Found LUSTRE_STRIPE_SIZE = 1048576
    Found LUSTRE_STRIPE_WIDTH = 12
    Found LUSTRE_STRIPE_SIZE = 1048576
    Found LUSTRE_STRIPE_WIDTH = 12
    Found LUSTRE_STRIPE_SIZE = 1048576
    Found LUSTRE_STRIPE_WIDTH = 12
    Found LUSTRE_STRIPE_SIZE = 1048576
    Found LUSTRE_STRIPE_WIDTH = 12
    Found LUSTRE_STRIPE_SIZE = 1048576
    Found LUSTRE_STRIPE_WIDTH = 12
    Found LUSTRE_STRIPE_SIZE = 1048576
    Found LUSTRE_STRIPE_WIDTH = 12
    Found LUSTRE_STRIPE_SIZE = 1048576
    Found LUSTRE_STRIPE_WIDTH = 12
    Found LUSTRE_STRIPE_SIZE = 1048576
    Found LUSTRE_STRIPE_WIDTH = 12
    Found LUSTRE_STRIPE_SIZE = 1048576
    Found LUSTRE_STRIPE_WIDTH = 12
    Found LUSTRE_STRIPE_SIZE = 1048576
    Found LUSTRE_STRIPE_WIDTH = 12
    Found LUSTRE_STRIPE_SIZE = 1048576
    Found LUSTRE_STRIPE_WIDTH = 12
    Found LUSTRE_STRIPE_SIZE = 1048576
    Found LUSTRE_STRIPE_WIDTH = 12
    Found LUSTRE_STRIPE_SIZE = 1048576
    Found LUSTRE_STRIPE_WIDTH = 12
    Found LUSTRE_STRIPE_SIZE = 1048576
    Found LUSTRE_STRIPE_WIDTH = 12
    Found LUSTRE_STRIPE_SIZE = 1048576
    Found LUSTRE_STRIPE_WIDTH = 12
    Found LUSTRE_STRIPE_SIZE = 1048576
    Found LUSTRE_STRIPE_WIDTH = 12
    Found LUSTRE_STRIPE_SIZE = 1048576
    Found LUSTRE_STRIPE_WIDTH = 12
    Found LUSTRE_STRIPE_SIZE = 1048576
    Found LUSTRE_STRIPE_WIDTH = 12
    Found LUSTRE_STRIPE_SIZE = 1048576
    Found LUSTRE_STRIPE_WIDTH = 12
    Found LUSTRE_STRIPE_SIZE = 1048576
    Found LUSTRE_STRIPE_WIDTH = 12
    Found LUSTRE_STRIPE_SIZE = 1048576
    Found LUSTRE_STRIPE_WIDTH = 12
    Found LUSTRE_STRIPE_SIZE = 1048576
    Found LUSTRE_STRIPE_WIDTH = 12
    Found LUSTRE_STRIPE_SIZE = 1048576
    Found LUSTRE_STRIPE_WIDTH = 12
    Found LUSTRE_STRIPE_SIZE = 1048576
    Found LUSTRE_STRIPE_WIDTH = 12
    Found LUSTRE_STRIPE_SIZE = 1048576
    Found LUSTRE_STRIPE_WIDTH = 12
    Found LUSTRE_STRIPE_SIZE = 1048576
    Found LUSTRE_STRIPE_WIDTH = 12
    Found LUSTRE_STRIPE_SIZE = 1048576
    Found LUSTRE_STRIPE_WIDTH = 12
    Found LUSTRE_STRIPE_SIZE = 1048576
    Found LUSTRE_STRIPE_WIDTH = 12
    Found LUSTRE_STRIPE_SIZE = 1048576
    Found LUSTRE_STRIPE_WIDTH = 12
    Found LUSTRE_STRIPE_SIZE = 1048576
    Found LUSTRE_STRIPE_WIDTH = 12
    Found LUSTRE_STRIPE_SIZE = 1048576
    Found LUSTRE_STRIPE_WIDTH = 12
    Found LUSTRE_STRIPE_SIZE = 1048576
    Found LUSTRE_STRIPE_WIDTH = 12
    Found LUSTRE_STRIPE_SIZE = 1048576
    Found LUSTRE_STRIPE_WIDTH = 12
    Found LUSTRE_STRIPE_SIZE = 1048576
    Found LUSTRE_STRIPE_WIDTH = 12
    Found LUSTRE_STRIPE_SIZE = 1048576
    Found LUSTRE_STRIPE_WIDTH = 12
    Found LUSTRE_STRIPE_SIZE = 1048576
    Found LUSTRE_STRIPE_WIDTH = 12
    Found LUSTRE_STRIPE_SIZE = 1048576
    Found LUSTRE_STRIPE_WIDTH = 12
    Found LUSTRE_STRIPE_SIZE = 1048576
    Found LUSTRE_STRIPE_WIDTH = 12
    Found LUSTRE_STRIPE_SIZE = 1048576
    Found LUSTRE_STRIPE_WIDTH = 12
    Found LUSTRE_STRIPE_SIZE = 1048576
    Found LUSTRE_STRIPE_WIDTH = 12
    Found LUSTRE_STRIPE_SIZE = 1048576
    Found LUSTRE_STRIPE_WIDTH = 12
    Found LUSTRE_STRIPE_SIZE = 1048576
    Found LUSTRE_STRIPE_WIDTH = 12
    Found LUSTRE_STRIPE_SIZE = 1048576
    Found LUSTRE_STRIPE_WIDTH = 12
    Found LUSTRE_STRIPE_SIZE = 1048576
    Found LUSTRE_STRIPE_WIDTH = 12
    Found LUSTRE_STRIPE_SIZE = 1048576
    Found LUSTRE_STRIPE_WIDTH = 12
    Found LUSTRE_STRIPE_SIZE = 1048576
    Found LUSTRE_STRIPE_WIDTH = 12
    Found LUSTRE_STRIPE_SIZE = 1048576
    Found LUSTRE_STRIPE_WIDTH = 12
    Found LUSTRE_STRIPE_SIZE = 1048576
    Found LUSTRE_STRIPE_WIDTH = 12
    Found LUSTRE_STRIPE_SIZE = 1048576
    Found LUSTRE_STRIPE_WIDTH = 12
    Found LUSTRE_STRIPE_SIZE = 1048576
    Found LUSTRE_STRIPE_WIDTH = 12
    Found LUSTRE_STRIPE_SIZE = 1048576
    Found LUSTRE_STRIPE_WIDTH = 12
    Found LUSTRE_STRIPE_SIZE = 1048576
    Found LUSTRE_STRIPE_WIDTH = 12
    Found LUSTRE_STRIPE_SIZE = 1048576
    Found LUSTRE_STRIPE_WIDTH = 12
    Found LUSTRE_STRIPE_SIZE = 1048576
    Found LUSTRE_STRIPE_WIDTH = 12
    Found LUSTRE_STRIPE_SIZE = 1048576
    Found LUSTRE_STRIPE_WIDTH = 12
    Found LUSTRE_STRIPE_SIZE = 1048576
    Found LUSTRE_STRIPE_WIDTH = 12
    Found LUSTRE_STRIPE_SIZE = 1048576
    Found LUSTRE_STRIPE_WIDTH = 12
    Found LUSTRE_STRIPE_SIZE = 1048576
    Found LUSTRE_STRIPE_WIDTH = 12
    Found LUSTRE_STRIPE_SIZE = 1048576
    Found LUSTRE_STRIPE_WIDTH = 12
    Found LUSTRE_STRIPE_SIZE = 1048576
    Found LUSTRE_STRIPE_WIDTH = 12
    Final LUSTRE_STRIPE_WIDTH: 12
    Final LUSTRE_STRIPE_SIZE: 1048576
  Found nprocs: 64
  Found 46 counters successfully
  Processed successfully

============================================================
Normalized output written to /work/hdd/bdau/mbanisharifdehkordi/E2E/Parser/Study3/case4/parsed.csv
Raw output written to /work/hdd/bdau/mbanisharifdehkordi/E2E/Parser/Study3/case4/parsed_raw.csv
==========================================
Parser exit code: 0
Output CSV created successfully:
-rw-rw----+ 1 mbanisharifdehkordi delta_bdau 1.6K Sep 19 21:17 /work/hdd/bdau/mbanisharifdehkordi/E2E/Parser/Study3/case4/parsed.csv

First 5 lines of output:
nprocs,POSIX_OPENS,LUSTRE_STRIPE_SIZE,LUSTRE_STRIPE_WIDTH,POSIX_FILENOS,POSIX_MEM_ALIGNMENT,POSIX_FILE_ALIGNMENT,POSIX_READS,POSIX_WRITES,POSIX_SEEKS,POSIX_STATS,POSIX_BYTES_READ,POSIX_BYTES_WRITTEN,POSIX_CONSEC_READS,POSIX_CONSEC_WRITES,POSIX_SEQ_READS,POSIX_SEQ_WRITES,POSIX_RW_SWITCHES,POSIX_MEM_NOT_ALIGNED,POSIX_FILE_NOT_ALIGNED,POSIX_SIZE_READ_0_100,POSIX_SIZE_READ_100_1K,POSIX_SIZE_READ_1K_10K,POSIX_SIZE_READ_100K_1M,POSIX_SIZE_WRITE_0_100,POSIX_SIZE_WRITE_100_1K,POSIX_SIZE_WRITE_1K_10K,POSIX_SIZE_WRITE_10K_100K,POSIX_SIZE_WRITE_100K_1M,POSIX_STRIDE1_STRIDE,POSIX_STRIDE2_STRIDE,POSIX_STRIDE3_STRIDE,POSIX_STRIDE4_STRIDE,POSIX_STRIDE1_COUNT,POSIX_STRIDE2_COUNT,POSIX_STRIDE3_COUNT,POSIX_STRIDE4_COUNT,POSIX_ACCESS1_ACCESS,POSIX_ACCESS2_ACCESS,POSIX_ACCESS3_ACCESS,POSIX_ACCESS4_ACCESS,POSIX_ACCESS1_COUNT,POSIX_ACCESS2_COUNT,POSIX_ACCESS3_COUNT,POSIX_ACCESS4_COUNT,tag
1.8129133566428555,1.8195439355418688,6.020600327454919,1.1139433523068367,0.0,0.9542425094393249,6.020600327454919,0.0,4.0628826901303645,0.6989700043360189,0.0,0.0,9.12791984068917,0.0,3.1065308538223815,0.0,4.061791639184011,0.0,0.0,4.062807533172159,0.0,0.0,0.0,0.0,4.010596736206526,1.4913616938342726,0.3010299956639812,0.0,3.1075491297446862,3.3047058982127653,5.714424489329071,8.122670220663379,8.12267692631042,3.885417765110936,3.2835273648616936,2.6522463410033232,2.110589710299249,6.020600327454919,1.5185139398778875,1.6901960800285136,2.5118833609788744,3.1075491297446862,4.010342366139568,0.47712125471966244,0.6020599913279624,2.340366568442077

Number of rows (including header):
2 /work/hdd/bdau/mbanisharifdehkordi/E2E/Parser/Study3/case4/parsed.csv
==========================================
Parsing complete
