==========================================
Starting Darshan parsing
Input directory: /work/hdd/bdau/mbanisharifdehkordi/E2E/Parser/Study2/case2
Output CSV: /work/hdd/bdau/mbanisharifdehkordi/E2E/Parser/Study2/case2/parsed.csv
Sample CSV: /work/hdd/bdau/mbanisharifdehkordi/E2E/Parser/sample_train_100.csv
Temp directory: /tmp/darshan_parse_12235667
Using darshan-parser from: /u/mbanisharifdehkordi/darshan-fresh/bin/darshan-parser
==========================================
Input Darshan files:
  /work/hdd/bdau/mbanisharifdehkordi/E2E/Parser/Study2/case2/e2e_checkpoint_12235617.darshan
Total files to process: 1
==========================================
Found 1 Darshan files to process

Processing 1/1: e2e_checkpoint_12235617.darshan
  Parsing POSIX counters:
    RAW: total_POSIX_OPENS = 257
    RAW: total_POSIX_FILENOS = 0
    RAW: total_POSIX_DUPS = 0
    RAW: total_POSIX_READS = 2
    RAW: total_POSIX_WRITES = 165151
    RAW: total_POSIX_SEEKS = 29
    RAW: total_POSIX_STATS = 0
    RAW: total_POSIX_MMAPS = -1
    WARNING: Negative value for total_POSIX_MMAPS: -1
    RAW: total_POSIX_FSYNCS = 128
    RAW: total_POSIX_FDSYNCS = 0
    RAW: total_POSIX_RENAME_SOURCES = 0
    RAW: total_POSIX_RENAME_TARGETS = 0
    RAW: total_POSIX_RENAMED_FROM = 0
    RAW: total_POSIX_MODE = 0
    RAW: total_POSIX_BYTES_READ = 2043
    RAW: total_POSIX_BYTES_WRITTEN = 1363162027
    RAW: total_POSIX_MAX_BYTE_READ = 1342188543
    RAW: total_POSIX_MAX_BYTE_WRITTEN = 1342195499
    RAW: total_POSIX_CONSEC_READS = 0
    RAW: total_POSIX_CONSEC_WRITES = 1277
    RAW: total_POSIX_SEQ_READS = 1
    RAW: total_POSIX_SEQ_WRITES = 165120
    RAW: total_POSIX_RW_SWITCHES = 3
    RAW: total_POSIX_MEM_NOT_ALIGNED = 1
    RAW: total_POSIX_MEM_ALIGNMENT = 8
    RAW: total_POSIX_FILE_NOT_ALIGNED = 165124
    RAW: total_POSIX_FILE_ALIGNMENT = 1048576
    RAW: total_POSIX_MAX_READ_TIME_SIZE = 0
    RAW: total_POSIX_MAX_WRITE_TIME_SIZE = 128
    RAW: total_POSIX_SIZE_READ_0_100 = 1
    RAW: total_POSIX_SIZE_READ_100_1K = 0
    RAW: total_POSIX_SIZE_READ_1K_10K = 1
    RAW: total_POSIX_SIZE_READ_10K_100K = 0
    RAW: total_POSIX_SIZE_READ_100K_1M = 0
    RAW: total_POSIX_SIZE_READ_1M_4M = 0
    RAW: total_POSIX_SIZE_READ_4M_10M = 0
    RAW: total_POSIX_SIZE_READ_10M_100M = 0
    RAW: total_POSIX_SIZE_READ_100M_1G = 0
    RAW: total_POSIX_SIZE_READ_1G_PLUS = 0
    RAW: total_POSIX_SIZE_WRITE_0_100 = 27
    RAW: total_POSIX_SIZE_WRITE_100_1K = 163840
    RAW: total_POSIX_SIZE_WRITE_1K_10K = 4
    RAW: total_POSIX_SIZE_WRITE_10K_100K = 0
    RAW: total_POSIX_SIZE_WRITE_100K_1M = 1280
    RAW: total_POSIX_SIZE_WRITE_1M_4M = 0
    RAW: total_POSIX_SIZE_WRITE_4M_10M = 0
    RAW: total_POSIX_SIZE_WRITE_10M_100M = 0
    RAW: total_POSIX_SIZE_WRITE_100M_1G = 0
    RAW: total_POSIX_SIZE_WRITE_1G_PLUS = 0
    RAW: total_POSIX_STRIDE1_STRIDE = 896
    RAW: total_POSIX_STRIDE2_STRIDE = 115584
    RAW: total_POSIX_STRIDE3_STRIDE = 46252928
    RAW: total_POSIX_STRIDE4_STRIDE = 46254976
    RAW: total_POSIX_STRIDE1_COUNT = 153600
    RAW: total_POSIX_STRIDE2_COUNT = 9920
    RAW: total_POSIX_STRIDE3_COUNT = 284
    RAW: total_POSIX_STRIDE4_COUNT = 24
    RAW: total_POSIX_ACCESS1_ACCESS = 128
    RAW: total_POSIX_ACCESS2_ACCESS = 1048576
    RAW: total_POSIX_ACCESS3_ACCESS = 8
    RAW: total_POSIX_ACCESS4_ACCESS = 2043
    RAW: total_POSIX_ACCESS1_COUNT = 163840
    RAW: total_POSIX_ACCESS2_COUNT = 1280
    RAW: total_POSIX_ACCESS3_COUNT = 26
    RAW: total_POSIX_ACCESS4_COUNT = 2
    RAW: total_POSIX_FASTEST_RANK = -1
    WARNING: Negative value for total_POSIX_FASTEST_RANK: -1
    RAW: total_POSIX_FASTEST_RANK_BYTES = -1
    WARNING: Negative value for total_POSIX_FASTEST_RANK_BYTES: -1
    RAW: total_POSIX_SLOWEST_RANK = -1
    WARNING: Negative value for total_POSIX_SLOWEST_RANK: -1
    RAW: total_POSIX_SLOWEST_RANK_BYTES = -1
    WARNING: Negative value for total_POSIX_SLOWEST_RANK_BYTES: -1
    RAW: total_POSIX_F_OPEN_START_TIMESTAMP = 0.373186
    RAW: total_POSIX_F_READ_START_TIMESTAMP = 2.906500
    RAW: total_POSIX_F_WRITE_START_TIMESTAMP = 0.411767
    RAW: total_POSIX_F_CLOSE_START_TIMESTAMP = 0.374476
    RAW: total_POSIX_F_OPEN_END_TIMESTAMP = 0.576314
    RAW: total_POSIX_F_READ_END_TIMESTAMP = 3.012872
    RAW: total_POSIX_F_WRITE_END_TIMESTAMP = 8.336310
    RAW: total_POSIX_F_CLOSE_END_TIMESTAMP = 8.338623
    RAW: total_POSIX_F_READ_TIME = 0.107058
    RAW: total_POSIX_F_WRITE_TIME = 85.345225
    RAW: total_POSIX_F_META_TIME = 1.483031
    RAW: total_POSIX_F_MAX_READ_TIME = 0.106372
    RAW: total_POSIX_F_MAX_WRITE_TIME = 0.185919
    RAW: total_POSIX_F_FASTEST_RANK_TIME = 0.000000
    RAW: total_POSIX_F_SLOWEST_RANK_TIME = 0.000000
    RAW: total_POSIX_F_VARIANCE_RANK_TIME = 0.000000
    RAW: total_POSIX_F_VARIANCE_RANK_BYTES = 0.000000
  Found runtime: 8.2963 seconds
    AIIO Performance Calculation:
      Total bytes: 1363164070.0 (2043.0 read + 1363162027.0 written)
      Runtime: 8.2963 seconds
      Performance: 156.70 MiB/s
  Parsing Lustre data:
    Found LUSTRE_STRIPE_SIZE = 4194304
    Found LUSTRE_STRIPE_WIDTH = 12
    Found LUSTRE_STRIPE_SIZE = 4194304
    Found LUSTRE_STRIPE_WIDTH = 12
    Found LUSTRE_STRIPE_SIZE = 4194304
    Found LUSTRE_STRIPE_WIDTH = 12
    Final LUSTRE_STRIPE_WIDTH: 12
    Final LUSTRE_STRIPE_SIZE: 4194304
  Found nprocs: 64
  Found 46 counters successfully
  Processed successfully

============================================================
Normalized output written to /work/hdd/bdau/mbanisharifdehkordi/E2E/Parser/Study2/case2/parsed.csv
Raw output written to /work/hdd/bdau/mbanisharifdehkordi/E2E/Parser/Study2/case2/parsed_raw.csv
==========================================
Parser exit code: 0
Output CSV created successfully:
-rw-rw----+ 1 mbanisharifdehkordi delta_bdau 1.7K Sep 15 21:51 /work/hdd/bdau/mbanisharifdehkordi/E2E/Parser/Study2/case2/parsed.csv

First 5 lines of output:
nprocs,POSIX_OPENS,LUSTRE_STRIPE_SIZE,LUSTRE_STRIPE_WIDTH,POSIX_FILENOS,POSIX_MEM_ALIGNMENT,POSIX_FILE_ALIGNMENT,POSIX_READS,POSIX_WRITES,POSIX_SEEKS,POSIX_STATS,POSIX_BYTES_READ,POSIX_BYTES_WRITTEN,POSIX_CONSEC_READS,POSIX_CONSEC_WRITES,POSIX_SEQ_READS,POSIX_SEQ_WRITES,POSIX_RW_SWITCHES,POSIX_MEM_NOT_ALIGNED,POSIX_FILE_NOT_ALIGNED,POSIX_SIZE_READ_0_100,POSIX_SIZE_READ_100_1K,POSIX_SIZE_READ_1K_10K,POSIX_SIZE_READ_100K_1M,POSIX_SIZE_WRITE_0_100,POSIX_SIZE_WRITE_100_1K,POSIX_SIZE_WRITE_1K_10K,POSIX_SIZE_WRITE_10K_100K,POSIX_SIZE_WRITE_100K_1M,POSIX_STRIDE1_STRIDE,POSIX_STRIDE2_STRIDE,POSIX_STRIDE3_STRIDE,POSIX_STRIDE4_STRIDE,POSIX_STRIDE1_COUNT,POSIX_STRIDE2_COUNT,POSIX_STRIDE3_COUNT,POSIX_STRIDE4_COUNT,POSIX_ACCESS1_ACCESS,POSIX_ACCESS2_ACCESS,POSIX_ACCESS3_ACCESS,POSIX_ACCESS4_ACCESS,POSIX_ACCESS1_COUNT,POSIX_ACCESS2_COUNT,POSIX_ACCESS3_COUNT,POSIX_ACCESS4_COUNT,tag
1.8129133566428555,2.41161970596323,6.622660008151447,1.1139433523068367,0.0,0.9542425094393249,6.020600327454919,0.47712125471966244,5.2178838373898575,1.4771212547196624,0.0,3.3104808914626753,9.134547479960954,0.0,3.1065308538223815,0.3010299956639812,5.217802310114068,0.6020599913279624,0.3010299956639812,5.2178128306225835,0.3010299956639812,0.0,0.3010299956639812,0.0,1.4471580313422192,5.214422590010804,0.6989700043360189,0.0,3.1075491297446862,2.952792443044092,5.062901477337856,7.665139239956348,7.665158469341976,5.186394043124323,3.996555449633365,2.45484486000851,1.3979400086720377,2.110589710299249,6.020600327454919,0.9542425094393249,3.3104808914626753,5.214422590010804,3.1075491297446862,1.4313637641589874,0.47712125471966244,2.1978264991995298

Number of rows (including header):
2 /work/hdd/bdau/mbanisharifdehkordi/E2E/Parser/Study2/case2/parsed.csv
==========================================
Parsing complete
