16:59:26 - 
======================================================================
16:59:26 - 🚀 INITIALIZING IOR INTERPRETABILITY ANALYZER
16:59:26 - ======================================================================
16:59:26 - Model configuration: hidden=512, layers=2, heads=[8, 1]
16:59:31 - ✓ Loaded 1,000,000 training samples
16:59:31 - 
======================================================================
16:59:31 - 🔬 RUNNING INTERPRETABILITY ANALYSIS
16:59:31 - ======================================================================
16:59:31 - 
======================================================================
16:59:31 - 🔍 CREATING SUBGRAPH FOR ANALYSIS
16:59:31 - ======================================================================
16:59:32 - Selected 100 neighbors for analysis
16:59:32 - Created subgraph with 101 nodes and 200 edges
16:59:34 - 
======================================================================
16:59:34 - 📈 PERFORMANCE PREDICTION
16:59:34 - ======================================================================
16:59:34 - Predicted: 6.66 MB/s
16:59:34 - Actual: 0.00 MB/s
16:59:34 - Error: 6.66 MB/s
16:59:34 - Relative Error: 2254176.6%
16:59:34 - 
======================================================================
16:59:34 - 📊 ATTENTION ANALYSIS
16:59:34 - ======================================================================
16:59:36 -   Using fallback: extracting raw attention weights
16:59:38 -   Extracted 10 features from raw attention
16:59:38 - Raw Attention Scores (Top 10):
16:59:38 -    1. POSIX_STRIDE3_COUNT           :   0.0233
16:59:38 -    2. POSIX_STRIDE2_STRIDE          :   0.0233
16:59:38 -    3. POSIX_STRIDE3_STRIDE          :   0.0233
16:59:38 -    4. POSIX_STRIDE4_STRIDE          :   0.0233
16:59:38 -    5. POSIX_STRIDE1_COUNT           :   0.0233
16:59:38 -    6. POSIX_STRIDE2_COUNT           :   0.0233
16:59:38 -    7. POSIX_ACCESS4_COUNT           :   0.0233
16:59:38 -    8. POSIX_OPENS                   :   0.0224
16:59:38 -    9. LUSTRE_STRIPE_SIZE            :   0.0224
16:59:38 -   10. nprocs                        :   0.0224
16:59:38 - 
======================================================================
16:59:38 - 📊 GNNEXPLAINER ANALYSIS
16:59:38 - ======================================================================
17:00:08 - Raw GNNExplainer Scores (Top 10):
17:00:08 -    1. POSIX_FILE_ALIGNMENT          :   0.4809
17:00:08 -    2. POSIX_BYTES_WRITTEN           :   0.3864
17:00:08 -    3. POSIX_ACCESS2_ACCESS          :   0.3386
17:00:08 -    4. POSIX_ACCESS1_ACCESS          :   0.3172
17:00:08 -    5. POSIX_CONSEC_WRITES           :   0.2977
17:00:08 -    6. POSIX_MEM_ALIGNMENT           :   0.2840
17:00:08 -    7. LUSTRE_STRIPE_SIZE            :   0.2567
17:00:08 -    8. POSIX_SIZE_WRITE_100_1K       :   0.2299
17:00:08 -    9. POSIX_OPENS                   :   0.1916
17:00:08 -   10. POSIX_ACCESS3_ACCESS          :   0.1879
17:00:08 - 
======================================================================
17:00:08 - 📊 GRADIENT ANALYSIS (INTEGRATED GRADIENTS)
17:00:08 - ======================================================================
17:00:09 - Raw Gradient Scores (Top 10):
17:00:09 -    1. POSIX_FILE_ALIGNMENT          :   0.2664
17:00:09 -    2. nprocs                        :   0.1560
17:00:09 -    3. POSIX_ACCESS2_ACCESS          :   0.0728
17:00:09 -    4. LUSTRE_STRIPE_SIZE            :   0.0664
17:00:09 -    5. POSIX_BYTES_WRITTEN           :   0.0445
17:00:09 -    6. POSIX_ACCESS1_ACCESS          :   0.0420
17:00:09 -    7. POSIX_MEM_ALIGNMENT           :   0.0301
17:00:09 -    8. LUSTRE_STRIPE_WIDTH           :   0.0272
17:00:09 -    9. POSIX_WRITES                  :   0.0173
17:00:09 -   10. POSIX_OPENS                   :   0.0172
17:00:09 - 
======================================================================
17:00:09 - 🔬 Z-SCORE NORMALIZATION AND CONSENSUS CALCULATION
17:00:09 - ======================================================================
17:00:09 - 
📊 Step 1: Raw Scores from Each Method
17:00:09 - --------------------------------------------------
17:00:09 - 
ATTENTION:
17:00:09 -   - POSIX_STRIDE3_COUNT           :   0.0233
17:00:09 -   - POSIX_STRIDE2_STRIDE          :   0.0233
17:00:09 -   - POSIX_STRIDE3_STRIDE          :   0.0233
17:00:09 -   - POSIX_STRIDE4_STRIDE          :   0.0233
17:00:09 -   - POSIX_STRIDE1_COUNT           :   0.0233
17:00:09 - 
GNN EXPLAINER:
17:00:09 -   - POSIX_FILE_ALIGNMENT          :   0.4809
17:00:09 -   - POSIX_BYTES_WRITTEN           :   0.3864
17:00:09 -   - POSIX_ACCESS2_ACCESS          :   0.3386
17:00:09 -   - POSIX_ACCESS1_ACCESS          :   0.3172
17:00:09 -   - POSIX_CONSEC_WRITES           :   0.2977
17:00:09 - 
GRADIENTS:
17:00:09 -   - POSIX_FILE_ALIGNMENT          :   0.2664
17:00:09 -   - nprocs                        :   0.1560
17:00:09 -   - POSIX_ACCESS2_ACCESS          :   0.0728
17:00:09 -   - LUSTRE_STRIPE_SIZE            :   0.0664
17:00:09 -   - POSIX_BYTES_WRITTEN           :   0.0445
17:00:09 - 
📊 Step 2: Z-Score Normalization
17:00:09 - --------------------------------------------------
17:00:09 - Formula: z = (x - mean) / std
17:00:09 - 
ATTENTION:
17:00:09 -   Mean = 0.0230, Std = 0.0004
17:00:09 -   Z-normalized scores (Top 5):
17:00:09 -     - POSIX_STRIDE3_COUNT           :  +0.667 (high importance)
17:00:09 -     - POSIX_STRIDE2_STRIDE          :  +0.667 (high importance)
17:00:09 -     - POSIX_STRIDE3_STRIDE          :  +0.667 (high importance)
17:00:09 -     - POSIX_STRIDE4_STRIDE          :  +0.667 (high importance)
17:00:09 -     - POSIX_STRIDE1_COUNT           :  +0.667 (high importance)
17:00:09 - 
GNN EXPLAINER:
17:00:09 -   Mean = 0.2319, Std = 0.0929
17:00:09 -   Z-normalized scores (Top 5):
17:00:09 -     - POSIX_FILE_ALIGNMENT          :  +2.680 (very high importance)
17:00:09 -     - POSIX_BYTES_WRITTEN           :  +1.663 (very high importance)
17:00:09 -     - POSIX_ACCESS2_ACCESS          :  +1.148 (high importance)
17:00:09 -     - POSIX_ACCESS1_ACCESS          :  +0.918 (high importance)
17:00:09 -     - POSIX_CONSEC_WRITES           :  +0.708 (high importance)
17:00:09 - 
GRADIENTS:
17:00:09 -   Mean = 0.0183, Std = 0.0464
17:00:09 -   Z-normalized scores (Top 5):
17:00:09 -     - POSIX_FILE_ALIGNMENT          :  +5.352 (very high importance)
17:00:09 -     - nprocs                        :  +2.971 (very high importance)
17:00:09 -     - POSIX_ACCESS2_ACCESS          :  +1.176 (high importance)
17:00:09 -     - LUSTRE_STRIPE_SIZE            :  +1.037 (high importance)
17:00:09 -     - POSIX_BYTES_WRITTEN           :  +0.564 (high importance)
17:00:09 - 
📊 Step 3: Equal Weight Consensus (1/3 each method)
17:00:09 - --------------------------------------------------
17:00:09 - Formula: Consensus = (1/3 × Attention_Z) + (1/3 × GNN_Z) + (1/3 × Gradient_Z)
17:00:09 - 
🏆 Final Consensus Rankings:
17:00:09 - Rank  1: POSIX_FILE_ALIGNMENT           →  +4.016
17:00:09 -          Contributing methods: GNN(+2.68) + Grad(+5.35)
17:00:09 -          Consensus strength: STRONG (multiple methods agree)
17:00:09 - 
17:00:09 - Rank  2: POSIX_ACCESS2_ACCESS           →  +1.162
17:00:09 -          Contributing methods: GNN(+1.15) + Grad(+1.18)
17:00:09 -          Consensus strength: STRONG (multiple methods agree)
17:00:09 - 
17:00:09 - Rank  3: POSIX_BYTES_WRITTEN            →  +1.114
17:00:09 -          Contributing methods: GNN(+1.66) + Grad(+0.56)
17:00:09 -          Consensus strength: STRONG (multiple methods agree)
17:00:09 - 
17:00:09 - Rank  4: POSIX_ACCESS1_ACCESS           →  +0.714
17:00:09 -          Contributing methods: GNN(+0.92) + Grad(+0.51)
17:00:09 -          Consensus strength: STRONG (multiple methods agree)
17:00:09 - 
17:00:09 - Rank  5: POSIX_MEM_ALIGNMENT            →  +0.407
17:00:09 -          Contributing methods: GNN(+0.56) + Grad(+0.25)
17:00:09 -          Consensus strength: STRONG (multiple methods agree)
17:00:09 - 
17:00:09 - Rank  6: nprocs                         →  +0.213
17:00:09 -          Contributing methods: Att(-1.53) + GNN(-0.80) + Grad(+2.97)
17:00:09 -          Consensus strength: STRONG (multiple methods agree)
17:00:09 - 
17:00:09 - Rank  7: POSIX_CONSEC_WRITES            →  +0.168
17:00:09 -          Contributing methods: GNN(+0.71) + Grad(-0.37)
17:00:09 -          Consensus strength: STRONG (multiple methods agree)
17:00:09 - 
17:00:09 - Rank  8: POSIX_STRIDE2_STRIDE           →  +0.136
17:00:09 -          Contributing methods: Att(+0.67) + Grad(-0.39)
17:00:09 -          Consensus strength: STRONG (multiple methods agree)
17:00:09 - 
17:00:09 - Rank  9: POSIX_STRIDE3_STRIDE           →  +0.136
17:00:09 -          Contributing methods: Att(+0.67) + Grad(-0.39)
17:00:09 -          Consensus strength: STRONG (multiple methods agree)
17:00:09 - 
17:00:09 - Rank 10: POSIX_STRIDE4_STRIDE           →  +0.136
17:00:09 -          Contributing methods: Att(+0.67) + Grad(-0.39)
17:00:09 -          Consensus strength: STRONG (multiple methods agree)
17:00:09 - 
======================================================================
17:00:09 - 📊 GENERATING PROFESSIONAL VISUALIZATIONS
17:00:09 - ======================================================================
17:00:10 - Saved consensus contribution chart to ./interpretability_figures/consensus_contribution_chart.png
17:00:10 - 
✓ All visualizations saved to ./interpretability_figures
17:00:10 - 
======================================================================
17:00:10 - 📝 GENERATING BOTTLENECK REPORT
17:00:10 - ======================================================================
17:00:10 - ✓ Bottleneck report saved to bottleneck_report.json
17:00:10 - 
======================================================================
17:00:10 - 📋 ANALYSIS SUMMARY
17:00:10 - ======================================================================
17:00:10 - Performance: 6.66 MB/s (predicted) vs 0.00 MB/s (actual)
17:00:10 - Primary Bottleneck: POSIX_FILE_ALIGNMENT
17:00:10 - Recommendation: Optimize I/O pattern for better performance
17:00:10 - 
======================================================================
17:00:10 - ✅ ANALYSIS COMPLETE!
17:00:10 - ======================================================================
17:00:10 - Outputs:
17:00:10 -   📊 Visualizations: ./interpretability_figures/
17:00:10 -   📝 Report: bottleneck_report.json
17:00:10 - 
Visualization types created for each method:
17:00:10 -   • Horizontal bar chart (classic academic style)
17:00:10 -   • Lollipop chart (modern style)
17:00:10 -   • Heatmap (intensity visualization)
17:00:10 -   • Diverging bar chart (z-score normalized)
17:00:10 - 
Consensus visualizations:
17:00:10 -   • Consensus diverging bar with rankings
17:00:10 -   • Method comparison dot plot
17:00:10 -   • Method comparison heatmap
