14:07:47 - 
======================================================================
14:07:47 - 🚀 INITIALIZING IOR INTERPRETABILITY ANALYZER
14:07:47 - ======================================================================
14:07:49 - Model configuration: hidden=512, layers=2, heads=[8, 1]
14:07:56 - ✓ Loaded 1,000,000 training samples
14:07:56 - 
======================================================================
14:07:56 - 🔬 RUNNING INTERPRETABILITY ANALYSIS
14:07:56 - ======================================================================
14:07:56 - 
======================================================================
14:07:56 - 🔍 CREATING SUBGRAPH FOR ANALYSIS
14:07:56 - ======================================================================
14:07:56 - Selected 100 neighbors for analysis
14:07:56 - Created subgraph with 101 nodes and 200 edges
14:07:57 - 
======================================================================
14:07:57 - 📈 PERFORMANCE PREDICTION
14:07:57 - ======================================================================
14:07:57 - Predicted: 7.29 MB/s
14:07:57 - Actual: 10.75 MB/s
14:07:57 - Error: 3.45 MB/s
14:07:57 - Relative Error: 32.1%
14:07:57 - 
======================================================================
14:07:57 - 📊 ATTENTION ANALYSIS
14:07:57 - ======================================================================
14:07:57 -   Using fallback: extracting raw attention weights
14:07:57 -   Extracted 10 features from raw attention
14:07:57 - Raw Attention Scores (Top 10):
14:07:57 -    1. POSIX_SEQ_READS               :   0.0735
14:07:57 -    2. POSIX_MEM_ALIGNMENT           :   0.0735
14:07:57 -    3. POSIX_FILE_NOT_ALIGNED        :   0.0634
14:07:57 -    4. POSIX_MEM_NOT_ALIGNED         :   0.0634
14:07:57 -    5. POSIX_SIZE_READ_100_1K        :   0.0620
14:07:57 -    6. POSIX_SIZE_READ_0_100         :   0.0619
14:07:57 -    7. POSIX_STRIDE3_STRIDE          :   0.0618
14:07:57 -    8. POSIX_ACCESS2_COUNT           :   0.0595
14:07:57 -    9. POSIX_SIZE_READ_1K_10K        :   0.0324
14:07:57 -   10. POSIX_CONSEC_READS            :   0.0295
14:07:57 - 
======================================================================
14:07:57 - 📊 GNNEXPLAINER ANALYSIS
14:07:57 - ======================================================================
14:08:06 - Raw GNNExplainer Scores (Top 10):
14:08:06 -    1. POSIX_BYTES_WRITTEN           :   0.5385
14:08:06 -    2. POSIX_FILE_NOT_ALIGNED        :   0.5173
14:08:06 -    3. POSIX_ACCESS3_COUNT           :   0.5141
14:08:06 -    4. POSIX_STRIDE1_STRIDE          :   0.5136
14:08:06 -    5. POSIX_FILENOS                 :   0.5073
14:08:06 -    6. POSIX_SIZE_WRITE_10K_100K     :   0.5072
14:08:06 -    7. POSIX_SIZE_WRITE_0_100        :   0.5064
14:08:06 -    8. LUSTRE_STRIPE_SIZE            :   0.4997
14:08:06 -    9. POSIX_ACCESS4_ACCESS          :   0.4933
14:08:06 -   10. POSIX_OPENS                   :   0.4925
14:08:06 - 
======================================================================
14:08:06 - 📊 GRADIENT ANALYSIS (INTEGRATED GRADIENTS)
14:08:06 - ======================================================================
14:08:08 - Raw Gradient Scores (Top 10):
14:08:08 -    1. POSIX_BYTES_WRITTEN           :   0.1783
14:08:08 -    2. POSIX_CONSEC_WRITES           :   0.0768
14:08:08 -    3. POSIX_OPENS                   :   0.0609
14:08:08 -    4. POSIX_WRITES                  :   0.0594
14:08:08 -    5. LUSTRE_STRIPE_SIZE            :   0.0560
14:08:08 -    6. POSIX_SEEKS                   :   0.0488
14:08:08 -    7. POSIX_STRIDE2_STRIDE          :   0.0394
14:08:08 -    8. POSIX_STATS                   :   0.0349
14:08:08 -    9. POSIX_FILE_ALIGNMENT          :   0.0328
14:08:08 -   10. nprocs                        :   0.0322
14:08:08 - 
======================================================================
14:08:08 - 🔬 Z-SCORE NORMALIZATION AND CONSENSUS CALCULATION
14:08:08 - ======================================================================
14:08:08 - 
📊 Step 1: Raw Scores from Each Method
14:08:08 - --------------------------------------------------
14:08:08 - 
ATTENTION:
14:08:08 -   - POSIX_SEQ_READS               :   0.0735
14:08:08 -   - POSIX_MEM_ALIGNMENT           :   0.0735
14:08:08 -   - POSIX_FILE_NOT_ALIGNED        :   0.0634
14:08:08 -   - POSIX_MEM_NOT_ALIGNED         :   0.0634
14:08:08 -   - POSIX_SIZE_READ_100_1K        :   0.0620
14:08:08 - 
GNN EXPLAINER:
14:08:08 -   - POSIX_BYTES_WRITTEN           :   0.5385
14:08:08 -   - POSIX_FILE_NOT_ALIGNED        :   0.5173
14:08:08 -   - POSIX_ACCESS3_COUNT           :   0.5141
14:08:08 -   - POSIX_STRIDE1_STRIDE          :   0.5136
14:08:08 -   - POSIX_FILENOS                 :   0.5073
14:08:08 - 
GRADIENTS:
14:08:08 -   - POSIX_BYTES_WRITTEN           :   0.1783
14:08:08 -   - POSIX_CONSEC_WRITES           :   0.0768
14:08:08 -   - POSIX_OPENS                   :   0.0609
14:08:08 -   - POSIX_WRITES                  :   0.0594
14:08:08 -   - LUSTRE_STRIPE_SIZE            :   0.0560
14:08:08 - 
📊 Step 2: Z-Score Normalization
14:08:08 - --------------------------------------------------
14:08:08 - Formula: z = (x - mean) / std
14:08:08 - 
ATTENTION:
14:08:08 -   Mean = 0.0581, Std = 0.0143
14:08:08 -   Z-normalized scores (Top 5):
14:08:08 -     - POSIX_SEQ_READS               :  +1.077 (high importance)
14:08:08 -     - POSIX_MEM_ALIGNMENT           :  +1.073 (high importance)
14:08:08 -     - POSIX_FILE_NOT_ALIGNED        :  +0.374 (medium importance)
14:08:08 -     - POSIX_MEM_NOT_ALIGNED         :  +0.370 (medium importance)
14:08:08 -     - POSIX_SIZE_READ_100_1K        :  +0.271 (medium importance)
14:08:08 - 
GNN EXPLAINER:
14:08:08 -   Mean = 0.4719, Std = 0.0348
14:08:08 -   Z-normalized scores (Top 5):
14:08:08 -     - POSIX_BYTES_WRITTEN           :  +1.916 (very high importance)
14:08:08 -     - POSIX_FILE_NOT_ALIGNED        :  +1.306 (high importance)
14:08:08 -     - POSIX_ACCESS3_COUNT           :  +1.214 (high importance)
14:08:08 -     - POSIX_STRIDE1_STRIDE          :  +1.199 (high importance)
14:08:08 -     - POSIX_FILENOS                 :  +1.017 (high importance)
14:08:08 - 
GRADIENTS:
14:08:08 -   Mean = 0.0188, Std = 0.0310
14:08:08 -   Z-normalized scores (Top 5):
14:08:08 -     - POSIX_BYTES_WRITTEN           :  +5.143 (very high importance)
14:08:08 -     - POSIX_CONSEC_WRITES           :  +1.871 (very high importance)
14:08:08 -     - POSIX_OPENS                   :  +1.359 (high importance)
14:08:08 -     - POSIX_WRITES                  :  +1.310 (high importance)
14:08:08 -     - LUSTRE_STRIPE_SIZE            :  +1.201 (high importance)
14:08:08 - 
📊 Step 3: Equal Weight Consensus (1/3 each method)
14:08:08 - --------------------------------------------------
14:08:08 - Formula: Consensus = (1/3 × Attention_Z) + (1/3 × GNN_Z) + (1/3 × Gradient_Z)
14:08:08 - 
🏆 Final Consensus Rankings:
14:08:08 - Rank  1: POSIX_BYTES_WRITTEN            →  +3.529
14:08:08 -          Contributing methods: GNN(+1.92) + Grad(+5.14)
14:08:08 -          Consensus strength: STRONG (multiple methods agree)
14:08:08 - 
14:08:08 - Rank  2: POSIX_CONSEC_WRITES            →  +1.173
14:08:08 -          Contributing methods: GNN(+0.48) + Grad(+1.87)
14:08:08 -          Consensus strength: STRONG (multiple methods agree)
14:08:08 - 
14:08:08 - Rank  3: LUSTRE_STRIPE_SIZE             →  +1.000
14:08:08 -          Contributing methods: GNN(+0.80) + Grad(+1.20)
14:08:08 -          Consensus strength: STRONG (multiple methods agree)
14:08:08 - 
14:08:08 - Rank  4: POSIX_OPENS                    →  +0.977
14:08:08 -          Contributing methods: GNN(+0.59) + Grad(+1.36)
14:08:08 -          Consensus strength: STRONG (multiple methods agree)
14:08:08 - 
14:08:08 - Rank  5: POSIX_WRITES                   →  +0.828
14:08:08 -          Contributing methods: GNN(+0.34) + Grad(+1.31)
14:08:08 -          Consensus strength: STRONG (multiple methods agree)
14:08:08 - 
14:08:08 - Rank  6: POSIX_FILENOS                  →  +0.686
14:08:08 -          Contributing methods: GNN(+1.02) + Grad(+0.36)
14:08:08 -          Consensus strength: STRONG (multiple methods agree)
14:08:08 - 
14:08:08 - Rank  7: POSIX_STRIDE1_STRIDE           →  +0.506
14:08:08 -          Contributing methods: GNN(+1.20) + Grad(-0.19)
14:08:08 -          Consensus strength: STRONG (multiple methods agree)
14:08:08 - 
14:08:08 - Rank  8: POSIX_FILE_NOT_ALIGNED         →  +0.446
14:08:08 -          Contributing methods: Att(+0.37) + GNN(+1.31) + Grad(-0.34)
14:08:08 -          Consensus strength: STRONG (multiple methods agree)
14:08:08 - 
14:08:08 - Rank  9: POSIX_ACCESS3_COUNT            →  +0.440
14:08:08 -          Contributing methods: GNN(+1.21) + Grad(-0.33)
14:08:08 -          Consensus strength: STRONG (multiple methods agree)
14:08:08 - 
14:08:08 - Rank 10: POSIX_SIZE_WRITE_0_100         →  +0.385
14:08:08 -          Contributing methods: GNN(+0.99) + Grad(-0.22)
14:08:08 -          Consensus strength: STRONG (multiple methods agree)
14:08:08 - 
======================================================================
14:08:08 - 📊 GENERATING PROFESSIONAL VISUALIZATIONS
14:08:08 - ======================================================================
14:08:09 - Saved consensus contribution chart to ./interpretability_figures/consensus_contribution_chart.png
14:08:09 - 
✓ All visualizations saved to ./interpretability_figures
14:08:09 - 
======================================================================
14:08:09 - 📝 GENERATING BOTTLENECK REPORT
14:08:09 - ======================================================================
14:08:09 - ✓ Bottleneck report saved to bottleneck_report.json
14:08:09 - 
======================================================================
14:08:09 - 📋 ANALYSIS SUMMARY
14:08:09 - ======================================================================
14:08:09 - Performance: 7.29 MB/s (predicted) vs 10.75 MB/s (actual)
14:08:09 - Primary Bottleneck: POSIX_BYTES_WRITTEN
14:08:09 - Recommendation: Optimize total data written, consider compression
14:08:09 - 
======================================================================
14:08:09 - ✅ ANALYSIS COMPLETE!
14:08:09 - ======================================================================
14:08:09 - Outputs:
14:08:09 -   📊 Visualizations: ./interpretability_figures/
14:08:09 -   📝 Report: bottleneck_report.json
14:08:09 - 
Visualization types created for each method:
14:08:09 -   • Horizontal bar chart (classic academic style)
14:08:09 -   • Lollipop chart (modern style)
14:08:09 -   • Heatmap (intensity visualization)
14:08:09 -   • Diverging bar chart (z-score normalized)
14:08:09 - 
Consensus visualizations:
14:08:09 -   • Consensus diverging bar with rankings
14:08:09 -   • Method comparison dot plot
14:08:09 -   • Method comparison heatmap
