15:29:49 - 
======================================================================
15:29:49 - 🚀 INITIALIZING IOR INTERPRETABILITY ANALYZER
15:29:49 - ======================================================================
15:29:51 - Model configuration: hidden=512, layers=2, heads=[8, 1]
15:29:58 - ✓ Loaded 1,000,000 training samples
15:29:58 - 
======================================================================
15:29:58 - 🔬 RUNNING INTERPRETABILITY ANALYSIS
15:29:58 - ======================================================================
15:29:58 - 
======================================================================
15:29:58 - 🔍 CREATING SUBGRAPH FOR ANALYSIS
15:29:58 - ======================================================================
15:29:58 - Selected 100 neighbors for analysis
15:29:58 - Created subgraph with 101 nodes and 200 edges
15:29:59 - 
======================================================================
15:29:59 - 📈 PERFORMANCE PREDICTION
15:29:59 - ======================================================================
15:29:59 - Predicted: 7.42 MB/s
15:29:59 - Actual: 126.83 MB/s
15:29:59 - Error: 119.41 MB/s
15:29:59 - Relative Error: 94.1%
15:29:59 - 
======================================================================
15:29:59 - 📊 ATTENTION ANALYSIS
15:29:59 - ======================================================================
15:30:01 -   Using fallback: extracting raw attention weights
15:30:02 -   Extracted 10 features from raw attention
15:30:02 - Raw Attention Scores (Top 10):
15:30:02 -    1. POSIX_SEEKS                   :   0.0265
15:30:02 -    2. POSIX_READS                   :   0.0259
15:30:02 -    3. POSIX_STATS                   :   0.0245
15:30:02 -    4. POSIX_ACCESS1_COUNT           :   0.0242
15:30:02 -    5. POSIX_ACCESS4_COUNT           :   0.0234
15:30:02 -    6. POSIX_ACCESS2_COUNT           :   0.0234
15:30:02 -    7. POSIX_ACCESS3_COUNT           :   0.0234
15:30:02 -    8. POSIX_FILENOS                 :   0.0229
15:30:02 -    9. POSIX_SIZE_WRITE_100K_1M      :   0.0227
15:30:02 -   10. POSIX_STRIDE4_STRIDE          :   0.0227
15:30:02 - 
======================================================================
15:30:02 - 📊 GNNEXPLAINER ANALYSIS
15:30:02 - ======================================================================
15:30:09 - Raw GNNExplainer Scores (Top 10):
15:30:09 -    1. LUSTRE_STRIPE_WIDTH           :   0.5882
15:30:09 -    2. POSIX_CONSEC_READS            :   0.5831
15:30:09 -    3. POSIX_MEM_NOT_ALIGNED         :   0.5748
15:30:09 -    4. POSIX_SEEKS                   :   0.5632
15:30:09 -    5. POSIX_BYTES_WRITTEN           :   0.5505
15:30:09 -    6. POSIX_FILE_ALIGNMENT          :   0.5454
15:30:09 -    7. POSIX_BYTES_READ              :   0.5393
15:30:09 -    8. POSIX_STRIDE2_COUNT           :   0.5338
15:30:09 -    9. POSIX_ACCESS4_ACCESS          :   0.5235
15:30:09 -   10. POSIX_STRIDE3_STRIDE          :   0.5231
15:30:09 - 
======================================================================
15:30:09 - 📊 GRADIENT ANALYSIS (INTEGRATED GRADIENTS)
15:30:09 - ======================================================================
15:30:14 - Raw Gradient Scores (Top 10):
15:30:14 -    1. POSIX_BYTES_READ              :   0.1682
15:30:14 -    2. LUSTRE_STRIPE_SIZE            :   0.1273
15:30:14 -    3. POSIX_ACCESS1_COUNT           :   0.0537
15:30:14 -    4. POSIX_CONSEC_READS            :   0.0471
15:30:14 -    5. POSIX_SIZE_WRITE_100_1K       :   0.0438
15:30:14 -    6. nprocs                        :   0.0407
15:30:14 -    7. POSIX_MEM_ALIGNMENT           :   0.0322
15:30:14 -    8. POSIX_STRIDE1_STRIDE          :   0.0296
15:30:14 -    9. POSIX_SEEKS                   :   0.0266
15:30:14 -   10. POSIX_SEQ_READS               :   0.0232
15:30:14 - 
======================================================================
15:30:14 - 🔬 Z-SCORE NORMALIZATION AND CONSENSUS CALCULATION
15:30:14 - ======================================================================
15:30:14 - 
📊 Step 1: Raw Scores from Each Method
15:30:14 - --------------------------------------------------
15:30:14 - 
ATTENTION:
15:30:14 -   - POSIX_SEEKS                   :   0.0265
15:30:14 -   - POSIX_READS                   :   0.0259
15:30:14 -   - POSIX_STATS                   :   0.0245
15:30:14 -   - POSIX_ACCESS1_COUNT           :   0.0242
15:30:14 -   - POSIX_ACCESS4_COUNT           :   0.0234
15:30:14 - 
GNN EXPLAINER:
15:30:14 -   - LUSTRE_STRIPE_WIDTH           :   0.5882
15:30:14 -   - POSIX_CONSEC_READS            :   0.5831
15:30:14 -   - POSIX_MEM_NOT_ALIGNED         :   0.5748
15:30:14 -   - POSIX_SEEKS                   :   0.5632
15:30:14 -   - POSIX_BYTES_WRITTEN           :   0.5505
15:30:14 - 
GRADIENTS:
15:30:14 -   - POSIX_BYTES_READ              :   0.1682
15:30:14 -   - LUSTRE_STRIPE_SIZE            :   0.1273
15:30:14 -   - POSIX_ACCESS1_COUNT           :   0.0537
15:30:14 -   - POSIX_CONSEC_READS            :   0.0471
15:30:14 -   - POSIX_SIZE_WRITE_100_1K       :   0.0438
15:30:14 - 
📊 Step 2: Z-Score Normalization
15:30:14 - --------------------------------------------------
15:30:14 - Formula: z = (x - mean) / std
15:30:14 - 
ATTENTION:
15:30:14 -   Mean = 0.0240, Std = 0.0013
15:30:14 -   Z-normalized scores (Top 5):
15:30:14 -     - POSIX_SEEKS                   :  +2.040 (very high importance)
15:30:14 -     - POSIX_READS                   :  +1.529 (very high importance)
15:30:14 -     - POSIX_STATS                   :  +0.391 (medium importance)
15:30:14 -     - POSIX_ACCESS1_COUNT           :  +0.184 (medium importance)
15:30:14 -     - POSIX_ACCESS4_COUNT           :  -0.423 (low importance)
15:30:14 - 
GNN EXPLAINER:
15:30:14 -   Mean = 0.4987, Std = 0.0425
15:30:14 -   Z-normalized scores (Top 5):
15:30:14 -     - LUSTRE_STRIPE_WIDTH           :  +2.102 (very high importance)
15:30:14 -     - POSIX_CONSEC_READS            :  +1.984 (very high importance)
15:30:14 -     - POSIX_MEM_NOT_ALIGNED         :  +1.789 (very high importance)
15:30:14 -     - POSIX_SEEKS                   :  +1.515 (very high importance)
15:30:14 -     - POSIX_BYTES_WRITTEN           :  +1.218 (high importance)
15:30:14 - 
GRADIENTS:
15:30:14 -   Mean = 0.0179, Std = 0.0315
15:30:14 -   Z-normalized scores (Top 5):
15:30:14 -     - POSIX_BYTES_READ              :  +4.779 (very high importance)
15:30:14 -     - LUSTRE_STRIPE_SIZE            :  +3.477 (very high importance)
15:30:14 -     - POSIX_ACCESS1_COUNT           :  +1.140 (high importance)
15:30:14 -     - POSIX_CONSEC_READS            :  +0.929 (high importance)
15:30:14 -     - POSIX_SIZE_WRITE_100_1K       :  +0.823 (high importance)
15:30:14 - 
📊 Step 3: Equal Weight Consensus (1/3 each method)
15:30:14 - --------------------------------------------------
15:30:14 - Formula: Consensus = (1/3 × Attention_Z) + (1/3 × GNN_Z) + (1/3 × Gradient_Z)
15:30:14 - 
🏆 Final Consensus Rankings:
15:30:14 - Rank  1: POSIX_BYTES_READ               →  +2.866
15:30:14 -          Contributing methods: GNN(+0.95) + Grad(+4.78)
15:30:14 -          Consensus strength: STRONG (multiple methods agree)
15:30:14 - 
15:30:14 - Rank  2: POSIX_CONSEC_READS             →  +1.456
15:30:14 -          Contributing methods: GNN(+1.98) + Grad(+0.93)
15:30:14 -          Consensus strength: STRONG (multiple methods agree)
15:30:14 - 
15:30:14 - Rank  3: LUSTRE_STRIPE_SIZE             →  +1.364
15:30:14 -          Contributing methods: GNN(-0.75) + Grad(+3.48)
15:30:14 -          Consensus strength: STRONG (multiple methods agree)
15:30:14 - 
15:30:14 - Rank  4: POSIX_SEEKS                    →  +1.277
15:30:14 -          Contributing methods: Att(+2.04) + GNN(+1.52) + Grad(+0.28)
15:30:14 -          Consensus strength: STRONG (multiple methods agree)
15:30:14 - 
15:30:14 - Rank  5: LUSTRE_STRIPE_WIDTH            →  +0.817
15:30:14 -          Contributing methods: GNN(+2.10) + Grad(-0.47)
15:30:14 -          Consensus strength: STRONG (multiple methods agree)
15:30:14 - 
15:30:14 - Rank  6: POSIX_MEM_NOT_ALIGNED          →  +0.611
15:30:14 -          Contributing methods: GNN(+1.79) + Grad(-0.57)
15:30:14 -          Consensus strength: STRONG (multiple methods agree)
15:30:14 - 
15:30:14 - Rank  7: POSIX_BYTES_WRITTEN            →  +0.557
15:30:14 -          Contributing methods: GNN(+1.22) + Grad(-0.10)
15:30:14 -          Consensus strength: STRONG (multiple methods agree)
15:30:14 - 
15:30:14 - Rank  8: nprocs                         →  +0.491
15:30:14 -          Contributing methods: GNN(+0.26) + Grad(+0.73)
15:30:14 -          Consensus strength: STRONG (multiple methods agree)
15:30:14 - 
15:30:14 - Rank  9: POSIX_FILE_ALIGNMENT           →  +0.490
15:30:14 -          Contributing methods: GNN(+1.10) + Grad(-0.12)
15:30:14 -          Consensus strength: STRONG (multiple methods agree)
15:30:14 - 
15:30:14 - Rank 10: POSIX_READS                    →  +0.457
15:30:14 -          Contributing methods: Att(+1.53) + GNN(+0.26) + Grad(-0.42)
15:30:14 -          Consensus strength: STRONG (multiple methods agree)
15:30:14 - 
======================================================================
15:30:14 - 📊 GENERATING PROFESSIONAL VISUALIZATIONS
15:30:14 - ======================================================================
15:30:15 - Saved consensus contribution chart to ./interpretability_figures/consensus_contribution_chart.png
15:30:15 - 
✓ All visualizations saved to ./interpretability_figures
15:30:15 - 
======================================================================
15:30:15 - 📝 GENERATING BOTTLENECK REPORT
15:30:15 - ======================================================================
15:30:15 - ✓ Bottleneck report saved to bottleneck_report.json
15:30:15 - 
======================================================================
15:30:15 - 📋 ANALYSIS SUMMARY
15:30:15 - ======================================================================
15:30:15 - Performance: 7.42 MB/s (predicted) vs 126.83 MB/s (actual)
15:30:15 - Primary Bottleneck: POSIX_BYTES_READ
15:30:15 - Recommendation: Optimize I/O pattern for better performance
15:30:15 - 
======================================================================
15:30:15 - ✅ ANALYSIS COMPLETE!
15:30:15 - ======================================================================
15:30:15 - Outputs:
15:30:15 -   📊 Visualizations: ./interpretability_figures/
15:30:15 -   📝 Report: bottleneck_report.json
15:30:15 - 
Visualization types created for each method:
15:30:15 -   • Horizontal bar chart (classic academic style)
15:30:15 -   • Lollipop chart (modern style)
15:30:15 -   • Heatmap (intensity visualization)
15:30:15 -   • Diverging bar chart (z-score normalized)
15:30:15 - 
Consensus visualizations:
15:30:15 -   • Consensus diverging bar with rankings
15:30:15 -   • Method comparison dot plot
15:30:15 -   • Method comparison heatmap
