22:58:09 - 
======================================================================
22:58:09 - 🚀 INITIALIZING IOR INTERPRETABILITY ANALYZER
22:58:09 - ======================================================================
22:58:10 - Model configuration: hidden=512, layers=2, heads=[8, 1]
22:58:15 - ✓ Loaded 1,000,000 training samples
22:58:15 - 
======================================================================
22:58:15 - 🔬 RUNNING INTERPRETABILITY ANALYSIS
22:58:15 - ======================================================================
22:58:15 - 
======================================================================
22:58:15 - 🔍 CREATING SUBGRAPH FOR ANALYSIS
22:58:15 - ======================================================================
22:58:15 - Selected 100 neighbors for analysis
22:58:15 - Created subgraph with 101 nodes and 200 edges
22:58:17 - 
======================================================================
22:58:17 - 📈 PERFORMANCE PREDICTION
22:58:17 - ======================================================================
22:58:17 - Predicted: 7.05 MB/s
22:58:17 - Actual: 5.17 MB/s
22:58:17 - Error: 1.88 MB/s
22:58:17 - Relative Error: 36.3%
22:58:17 - 
======================================================================
22:58:17 - 📊 ATTENTION ANALYSIS
22:58:17 - ======================================================================
22:58:17 -   Using fallback: extracting raw attention weights
22:58:17 -   Extracted 10 features from raw attention
22:58:17 - Raw Attention Scores (Top 10):
22:58:17 -    1. POSIX_ACCESS3_ACCESS          :   0.0367
22:58:17 -    2. POSIX_ACCESS2_ACCESS          :   0.0367
22:58:17 -    3. POSIX_RW_SWITCHES             :   0.0317
22:58:17 -    4. POSIX_ACCESS2_COUNT           :   0.0299
22:58:17 -    5. POSIX_ACCESS3_COUNT           :   0.0299
22:58:17 -    6. POSIX_SIZE_READ_100_1K        :   0.0296
22:58:17 -    7. POSIX_SIZE_READ_0_100         :   0.0288
22:58:17 -    8. POSIX_STRIDE2_COUNT           :   0.0282
22:58:17 -    9. POSIX_STRIDE4_COUNT           :   0.0282
22:58:17 -   10. POSIX_STRIDE3_COUNT           :   0.0282
22:58:17 - 
======================================================================
22:58:17 - 📊 GNNEXPLAINER ANALYSIS
22:58:17 - ======================================================================
22:58:50 - Raw GNNExplainer Scores (Top 10):
22:58:50 -    1. POSIX_SIZE_WRITE_0_100        :   0.5423
22:58:50 -    2. LUSTRE_STRIPE_SIZE            :   0.5395
22:58:50 -    3. POSIX_SIZE_WRITE_100_1K       :   0.5345
22:58:50 -    4. POSIX_STATS                   :   0.5150
22:58:50 -    5. POSIX_BYTES_READ              :   0.5031
22:58:50 -    6. POSIX_FILENOS                 :   0.4991
22:58:50 -    7. nprocs                        :   0.4935
22:58:50 -    8. POSIX_BYTES_WRITTEN           :   0.4891
22:58:50 -    9. POSIX_ACCESS4_COUNT           :   0.4872
22:58:50 -   10. POSIX_ACCESS1_ACCESS          :   0.4846
22:58:50 - 
======================================================================
22:58:50 - 📊 GRADIENT ANALYSIS (INTEGRATED GRADIENTS)
22:58:50 - ======================================================================
22:59:08 - Raw Gradient Scores (Top 10):
22:59:08 -    1. POSIX_BYTES_WRITTEN           :   0.4907
22:59:08 -    2. POSIX_SIZE_WRITE_100_1K       :   0.0533
22:59:08 -    3. POSIX_ACCESS1_COUNT           :   0.0497
22:59:08 -    4. POSIX_SEQ_WRITES              :   0.0439
22:59:08 -    5. LUSTRE_STRIPE_SIZE            :   0.0384
22:59:08 -    6. POSIX_FILE_NOT_ALIGNED        :   0.0360
22:59:08 -    7. POSIX_CONSEC_WRITES           :   0.0354
22:59:08 -    8. POSIX_WRITES                  :   0.0333
22:59:08 -    9. POSIX_SEEKS                   :   0.0230
22:59:08 -   10. POSIX_OPENS                   :   0.0209
22:59:08 - 
======================================================================
22:59:08 - 🔬 Z-SCORE NORMALIZATION AND CONSENSUS CALCULATION
22:59:08 - ======================================================================
22:59:08 - 
📊 Step 1: Raw Scores from Each Method
22:59:08 - --------------------------------------------------
22:59:08 - 
ATTENTION:
22:59:08 -   - POSIX_ACCESS3_ACCESS          :   0.0367
22:59:08 -   - POSIX_ACCESS2_ACCESS          :   0.0367
22:59:08 -   - POSIX_RW_SWITCHES             :   0.0317
22:59:08 -   - POSIX_ACCESS2_COUNT           :   0.0299
22:59:08 -   - POSIX_ACCESS3_COUNT           :   0.0299
22:59:08 - 
GNN EXPLAINER:
22:59:08 -   - POSIX_SIZE_WRITE_0_100        :   0.5423
22:59:08 -   - LUSTRE_STRIPE_SIZE            :   0.5395
22:59:08 -   - POSIX_SIZE_WRITE_100_1K       :   0.5345
22:59:08 -   - POSIX_STATS                   :   0.5150
22:59:08 -   - POSIX_BYTES_READ              :   0.5031
22:59:08 - 
GRADIENTS:
22:59:08 -   - POSIX_BYTES_WRITTEN           :   0.4907
22:59:08 -   - POSIX_SIZE_WRITE_100_1K       :   0.0533
22:59:08 -   - POSIX_ACCESS1_COUNT           :   0.0497
22:59:08 -   - POSIX_SEQ_WRITES              :   0.0439
22:59:08 -   - LUSTRE_STRIPE_SIZE            :   0.0384
22:59:08 - 
📊 Step 2: Z-Score Normalization
22:59:08 - --------------------------------------------------
22:59:08 - Formula: z = (x - mean) / std
22:59:08 - 
ATTENTION:
22:59:08 -   Mean = 0.0308, Std = 0.0031
22:59:08 -   Z-normalized scores (Top 5):
22:59:08 -     - POSIX_ACCESS3_ACCESS          :  +1.890 (very high importance)
22:59:08 -     - POSIX_ACCESS2_ACCESS          :  +1.890 (very high importance)
22:59:08 -     - POSIX_RW_SWITCHES             :  +0.282 (medium importance)
22:59:08 -     - POSIX_ACCESS2_COUNT           :  -0.280 (low importance)
22:59:08 -     - POSIX_ACCESS3_COUNT           :  -0.280 (low importance)
22:59:08 - 
GNN EXPLAINER:
22:59:08 -   Mean = 0.4518, Std = 0.0749
22:59:08 -   Z-normalized scores (Top 5):
22:59:08 -     - POSIX_SIZE_WRITE_0_100        :  +1.208 (high importance)
22:59:08 -     - LUSTRE_STRIPE_SIZE            :  +1.171 (high importance)
22:59:08 -     - POSIX_SIZE_WRITE_100_1K       :  +1.104 (high importance)
22:59:08 -     - POSIX_STATS                   :  +0.844 (high importance)
22:59:08 -     - POSIX_BYTES_READ              :  +0.685 (high importance)
22:59:08 - 
GRADIENTS:
22:59:08 -   Mean = 0.0191, Std = 0.0727
22:59:08 -   Z-normalized scores (Top 5):
22:59:08 -     - POSIX_BYTES_WRITTEN           :  +6.483 (very high importance)
22:59:08 -     - POSIX_SIZE_WRITE_100_1K       :  +0.470 (medium importance)
22:59:08 -     - POSIX_ACCESS1_COUNT           :  +0.420 (medium importance)
22:59:08 -     - POSIX_SEQ_WRITES              :  +0.341 (medium importance)
22:59:08 -     - LUSTRE_STRIPE_SIZE            :  +0.264 (medium importance)
22:59:08 - 
📊 Step 3: Equal Weight Consensus (1/3 each method)
22:59:08 - --------------------------------------------------
22:59:08 - Formula: Consensus = (1/3 × Attention_Z) + (1/3 × GNN_Z) + (1/3 × Gradient_Z)
22:59:08 - 
🏆 Final Consensus Rankings:
22:59:08 - Rank  1: POSIX_BYTES_WRITTEN            →  +3.490
22:59:08 -          Contributing methods: GNN(+0.50) + Grad(+6.48)
22:59:08 -          Consensus strength: STRONG (multiple methods agree)
22:59:08 - 
22:59:08 - Rank  2: POSIX_SIZE_WRITE_100_1K        →  +0.787
22:59:08 -          Contributing methods: GNN(+1.10) + Grad(+0.47)
22:59:08 -          Consensus strength: STRONG (multiple methods agree)
22:59:08 - 
22:59:08 - Rank  3: LUSTRE_STRIPE_SIZE             →  +0.718
22:59:08 -          Contributing methods: GNN(+1.17) + Grad(+0.26)
22:59:08 -          Consensus strength: STRONG (multiple methods agree)
22:59:08 - 
22:59:08 - Rank  4: POSIX_ACCESS2_ACCESS           →  +0.506
22:59:08 -          Contributing methods: Att(+1.89) + GNN(-0.11) + Grad(-0.26)
22:59:08 -          Consensus strength: STRONG (multiple methods agree)
22:59:08 - 
22:59:08 - Rank  5: POSIX_SIZE_WRITE_0_100         →  +0.473
22:59:08 -          Contributing methods: GNN(+1.21) + Grad(-0.26)
22:59:08 -          Consensus strength: STRONG (multiple methods agree)
22:59:08 - 
22:59:08 - Rank  6: POSIX_ACCESS3_ACCESS           →  +0.360
22:59:08 -          Contributing methods: Att(+1.89) + GNN(-0.55) + Grad(-0.26)
22:59:08 -          Consensus strength: STRONG (multiple methods agree)
22:59:08 - 
22:59:08 - Rank  7: POSIX_FILE_NOT_ALIGNED         →  +0.312
22:59:08 -          Contributing methods: GNN(+0.39) + Grad(+0.23)
22:59:08 -          Consensus strength: STRONG (multiple methods agree)
22:59:08 - 
22:59:08 - Rank  8: POSIX_STATS                    →  +0.291
22:59:08 -          Contributing methods: GNN(+0.84) + Grad(-0.26)
22:59:08 -          Consensus strength: STRONG (multiple methods agree)
22:59:08 - 
22:59:08 - Rank  9: POSIX_ACCESS1_COUNT            →  +0.284
22:59:08 -          Contributing methods: GNN(+0.15) + Grad(+0.42)
22:59:08 -          Consensus strength: STRONG (multiple methods agree)
22:59:08 - 
22:59:08 - Rank 10: nprocs                         →  +0.247
22:59:08 -          Contributing methods: GNN(+0.56) + Grad(-0.06)
22:59:08 -          Consensus strength: STRONG (multiple methods agree)
22:59:08 - 
======================================================================
22:59:08 - 📊 GENERATING PROFESSIONAL VISUALIZATIONS
22:59:08 - ======================================================================
22:59:17 - Saved consensus contribution chart to ./interpretability_figures/consensus_contribution_chart.png
22:59:18 - 
✓ All visualizations saved to ./interpretability_figures
22:59:18 - 
======================================================================
22:59:18 - 📝 GENERATING BOTTLENECK REPORT
22:59:18 - ======================================================================
22:59:18 - ✓ Bottleneck report saved to bottleneck_report.json
22:59:18 - 
======================================================================
22:59:18 - 📋 ANALYSIS SUMMARY
22:59:18 - ======================================================================
22:59:18 - Performance: 7.05 MB/s (predicted) vs 5.17 MB/s (actual)
22:59:18 - Primary Bottleneck: POSIX_BYTES_WRITTEN
22:59:18 - Recommendation: Optimize total data written, consider compression
22:59:18 - 
======================================================================
22:59:18 - ✅ ANALYSIS COMPLETE!
22:59:18 - ======================================================================
22:59:18 - Outputs:
22:59:18 -   📊 Visualizations: ./interpretability_figures/
22:59:18 -   📝 Report: bottleneck_report.json
22:59:18 - 
Visualization types created for each method:
22:59:18 -   • Horizontal bar chart (classic academic style)
22:59:18 -   • Lollipop chart (modern style)
22:59:18 -   • Heatmap (intensity visualization)
22:59:18 -   • Diverging bar chart (z-score normalized)
22:59:18 - 
Consensus visualizations:
22:59:18 -   • Consensus diverging bar with rankings
22:59:18 -   • Method comparison dot plot
22:59:18 -   • Method comparison heatmap
