18:39:43 - __main__ - WARNING - No similarity matrix found - will create single-node graph
18:39:43 - __main__ - INFO - Auto-detected training features: /work/hdd/bdau/mbanisharifdehkordi/GNN_4_IO_5/data/1M/aiio_sample_1000000_normalized.csv
18:39:43 - __main__ - INFO - 
Initializing analyzer...
18:39:43 - io_bottleneck_analyzer.analysis.analyzer - INFO - Initializing Bottleneck Analyzer
18:39:43 - io_bottleneck_analyzer.core.model_loader - INFO - Model loader initialized with device: cuda
18:39:43 - io_bottleneck_analyzer.core.model_loader - INFO - Loading model from: /work/hdd/bdau/mbanisharifdehkordi/GNN_4_IO_5/data/1M/best_model.pt
18:39:44 - io_bottleneck_analyzer.core.model_loader - INFO - Detected model config: hidden=512, layers=2, heads=[8, 1]
18:39:45 - io_bottleneck_analyzer.core.model_loader - INFO - Model loaded successfully
18:39:45 - io_bottleneck_analyzer.core.data_loader - INFO - Loading training features from: /work/hdd/bdau/mbanisharifdehkordi/GNN_4_IO_5/data/1M/aiio_sample_1000000_normalized.csv
18:39:48 - io_bottleneck_analyzer.core.data_loader - INFO - Loaded 1,000,000 training samples with 45 features
18:39:48 - io_bottleneck_analyzer.core.graph_builder - INFO - Graph builder initialized with threshold: 0.75
18:39:48 - io_bottleneck_analyzer.analysis.analyzer - INFO - Bottleneck Analyzer initialized successfully
18:39:48 - __main__ - INFO - 
Running analysis...
18:39:48 - io_bottleneck_analyzer.analysis.analyzer - INFO - 
======================================================================
18:39:48 - io_bottleneck_analyzer.analysis.analyzer - INFO - RUNNING BOTTLENECK ANALYSIS
18:39:48 - io_bottleneck_analyzer.analysis.analyzer - INFO - ======================================================================
18:39:48 - io_bottleneck_analyzer.core.data_loader - INFO - Loading test sample from: /work/hdd/bdau/mbanisharifdehkordi/GNN_4_IO_5/benchmark_evaluation/E2E/darshan/Study7/case1/parsed.csv
18:39:48 - io_bottleneck_analyzer.core.data_loader - INFO - Loaded test sample with 45 features
18:39:48 - io_bottleneck_analyzer.analysis.analyzer - INFO - 
Creating analysis subgraph...
18:39:49 - io_bottleneck_analyzer.core.graph_builder - INFO - Selected 100 neighbors for subgraph
18:39:49 - io_bottleneck_analyzer.core.graph_builder - DEBUG - Augmented features from 45 to 49
18:39:49 - io_bottleneck_analyzer.core.graph_builder - INFO - Created subgraph with 101 nodes and 200 edges
18:39:49 - io_bottleneck_analyzer.analysis.analyzer - INFO - 
Predicting performance...
18:39:49 - io_bottleneck_analyzer.analysis.predictor - DEBUG - Predicted performance: 7.47 MB/s
18:39:49 - io_bottleneck_analyzer.analysis.analyzer - INFO - Predicted: 7.47 MB/s
18:39:49 - io_bottleneck_analyzer.analysis.analyzer - INFO - Actual: 216.39 MB/s
18:39:49 - io_bottleneck_analyzer.analysis.analyzer - INFO - Error: 208.92 MB/s (96.5%)
18:39:49 - io_bottleneck_analyzer.analysis.analyzer - INFO - 
Running attention analysis...
18:39:49 - io_bottleneck_analyzer.methods.attention - DEBUG - Running attention analysis for node 100
18:39:49 - io_bottleneck_analyzer.analysis.analyzer - INFO - Running GNNExplainer analysis...
18:39:49 - io_bottleneck_analyzer.methods.gnn_explainer - DEBUG - Running GNNExplainer for node 100
18:39:50 - io_bottleneck_analyzer.methods.gnn_explainer - DEBUG - Epoch 0: Loss = 1.7510
18:39:50 - io_bottleneck_analyzer.methods.gnn_explainer - DEBUG - Epoch 50: Loss = 1.4748
18:39:50 - io_bottleneck_analyzer.methods.gnn_explainer - DEBUG - Epoch 100: Loss = 1.2000
18:39:50 - io_bottleneck_analyzer.methods.gnn_explainer - DEBUG - Epoch 150: Loss = 0.9941
18:39:50 - io_bottleneck_analyzer.analysis.analyzer - INFO - Running gradient analysis...
18:39:50 - io_bottleneck_analyzer.methods.gradients - DEBUG - Running integrated_gradients gradient analysis for node 100
18:39:50 - io_bottleneck_analyzer.analysis.analyzer - INFO - 
Building consensus...
18:39:50 - io_bottleneck_analyzer.analysis.consensus - INFO - 
======================================================================
18:39:50 - io_bottleneck_analyzer.analysis.consensus - INFO - Z-SCORE NORMALIZATION AND CONSENSUS CALCULATION
18:39:50 - io_bottleneck_analyzer.analysis.consensus - INFO - ======================================================================
18:39:50 - io_bottleneck_analyzer.analysis.consensus - INFO - 
Step 1: Raw Scores from Each Method
18:39:50 - io_bottleneck_analyzer.analysis.consensus - INFO - --------------------------------------------------
18:39:50 - io_bottleneck_analyzer.analysis.consensus - INFO - 
ATTENTION:
18:39:50 - io_bottleneck_analyzer.analysis.consensus - INFO -   - POSIX_STATS                   :   0.0707
18:39:50 - io_bottleneck_analyzer.analysis.consensus - INFO -   - POSIX_SIZE_WRITE_1K_10K       :   0.0646
18:39:50 - io_bottleneck_analyzer.analysis.consensus - INFO -   - POSIX_STRIDE1_COUNT           :   0.0591
18:39:50 - io_bottleneck_analyzer.analysis.consensus - INFO -   - POSIX_STRIDE2_COUNT           :   0.0541
18:39:50 - io_bottleneck_analyzer.analysis.consensus - INFO -   - POSIX_SIZE_WRITE_0_100        :   0.0494
18:39:50 - io_bottleneck_analyzer.analysis.consensus - INFO - 
GNN EXPLAINER:
18:39:50 - io_bottleneck_analyzer.analysis.consensus - INFO -   - nprocs                        :   0.9124
18:39:50 - io_bottleneck_analyzer.analysis.consensus - INFO -   - POSIX_OPENS                   :   0.9124
18:39:50 - io_bottleneck_analyzer.analysis.consensus - INFO -   - LUSTRE_STRIPE_SIZE            :   0.9124
18:39:50 - io_bottleneck_analyzer.analysis.consensus - INFO -   - LUSTRE_STRIPE_WIDTH           :   0.9124
18:39:50 - io_bottleneck_analyzer.analysis.consensus - INFO -   - POSIX_FILENOS                 :   0.9124
18:39:50 - io_bottleneck_analyzer.analysis.consensus - INFO - 
GRADIENTS:
18:39:50 - io_bottleneck_analyzer.analysis.consensus - INFO -   - nprocs                        :   0.0165
18:39:50 - io_bottleneck_analyzer.analysis.consensus - INFO -   - POSIX_CONSEC_WRITES           :   0.0150
18:39:50 - io_bottleneck_analyzer.analysis.consensus - INFO -   - POSIX_STRIDE2_STRIDE          :   0.0123
18:39:50 - io_bottleneck_analyzer.analysis.consensus - INFO -   - POSIX_WRITES                  :   0.0115
18:39:50 - io_bottleneck_analyzer.analysis.consensus - INFO -   - POSIX_SIZE_WRITE_100_1K       :   0.0091
18:39:50 - io_bottleneck_analyzer.analysis.consensus - INFO - 
Step 2: Z-Score Normalization
18:39:50 - io_bottleneck_analyzer.analysis.consensus - INFO - --------------------------------------------------
18:39:50 - io_bottleneck_analyzer.analysis.consensus - INFO - Formula: z = (x - mean) / std
18:39:50 - io_bottleneck_analyzer.analysis.consensus - INFO - 
ATTENTION:
18:39:50 - io_bottleneck_analyzer.analysis.consensus - INFO -   Mean = 0.0279, Std = 0.0177
18:39:50 - io_bottleneck_analyzer.analysis.consensus - INFO -   Z-normalized scores (Top 5):
18:39:50 - io_bottleneck_analyzer.analysis.consensus - INFO -     - POSIX_STATS                   :  +2.424 (very high importance)
18:39:50 - io_bottleneck_analyzer.analysis.consensus - INFO -     - POSIX_SIZE_WRITE_1K_10K       :  +2.082 (very high importance)
18:39:50 - io_bottleneck_analyzer.analysis.consensus - INFO -     - POSIX_STRIDE1_COUNT           :  +1.767 (very high importance)
18:39:50 - io_bottleneck_analyzer.analysis.consensus - INFO -     - POSIX_STRIDE2_COUNT           :  +1.486 (high importance)
18:39:50 - io_bottleneck_analyzer.analysis.consensus - INFO -     - POSIX_SIZE_WRITE_0_100        :  +1.221 (high importance)
18:39:50 - io_bottleneck_analyzer.analysis.consensus - INFO - 
GNN EXPLAINER:
18:39:50 - io_bottleneck_analyzer.analysis.consensus - INFO -   Mean = 0.9124, Std = 0.0000
18:39:50 - io_bottleneck_analyzer.analysis.consensus - INFO - 
GRADIENTS:
18:39:50 - io_bottleneck_analyzer.analysis.consensus - INFO -   Mean = 0.0033, Std = 0.0042
18:39:50 - io_bottleneck_analyzer.analysis.consensus - INFO -   Z-normalized scores (Top 5):
18:39:50 - io_bottleneck_analyzer.analysis.consensus - INFO -     - nprocs                        :  +3.147 (very high importance)
18:39:50 - io_bottleneck_analyzer.analysis.consensus - INFO -     - POSIX_CONSEC_WRITES           :  +2.799 (very high importance)
18:39:50 - io_bottleneck_analyzer.analysis.consensus - INFO -     - POSIX_STRIDE2_STRIDE          :  +2.155 (very high importance)
18:39:50 - io_bottleneck_analyzer.analysis.consensus - INFO -     - POSIX_WRITES                  :  +1.955 (very high importance)
18:39:50 - io_bottleneck_analyzer.analysis.consensus - INFO -     - POSIX_SIZE_WRITE_100_1K       :  +1.392 (high importance)
18:39:50 - io_bottleneck_analyzer.analysis.consensus - INFO - 
Step 3: Equal Weight Consensus
18:39:50 - io_bottleneck_analyzer.analysis.consensus - INFO - --------------------------------------------------
18:39:50 - io_bottleneck_analyzer.analysis.consensus - INFO - Formula: Consensus = 0.33 × attention + gnn explainer + gradients
18:39:50 - io_bottleneck_analyzer.analysis.consensus - INFO - 
Final Consensus Rankings:
18:39:50 - io_bottleneck_analyzer.analysis.consensus - INFO - Rank  1: POSIX_STRIDE2_STRIDE           →  +1.068
18:39:50 - io_bottleneck_analyzer.analysis.consensus - INFO -          Contributing methods: Att(+1.05) + GNN(+0.00) + Grad(+2.16)
18:39:50 - io_bottleneck_analyzer.analysis.consensus - INFO -          Consensus strength: STRONG (multiple methods agree)
18:39:50 - io_bottleneck_analyzer.analysis.consensus - INFO - 
18:39:50 - io_bottleneck_analyzer.analysis.consensus - INFO - Rank  2: nprocs                         →  +0.852
18:39:50 - io_bottleneck_analyzer.analysis.consensus - INFO -          Contributing methods: Att(-0.59) + GNN(+0.00) + Grad(+3.15)
18:39:50 - io_bottleneck_analyzer.analysis.consensus - INFO -          Consensus strength: STRONG (multiple methods agree)
18:39:50 - io_bottleneck_analyzer.analysis.consensus - INFO - 
18:39:50 - io_bottleneck_analyzer.analysis.consensus - INFO - Rank  3: POSIX_CONSEC_WRITES            →  +0.848
18:39:50 - io_bottleneck_analyzer.analysis.consensus - INFO -          Contributing methods: Att(-0.26) + GNN(+0.00) + Grad(+2.80)
18:39:50 - io_bottleneck_analyzer.analysis.consensus - INFO -          Consensus strength: STRONG (multiple methods agree)
18:39:50 - io_bottleneck_analyzer.analysis.consensus - INFO - 
18:39:50 - io_bottleneck_analyzer.analysis.consensus - INFO - Rank  4: POSIX_STRIDE2_COUNT            →  +0.816
18:39:50 - io_bottleneck_analyzer.analysis.consensus - INFO -          Contributing methods: Att(+1.49) + GNN(+0.00) + Grad(+0.96)
18:39:50 - io_bottleneck_analyzer.analysis.consensus - INFO -          Consensus strength: STRONG (multiple methods agree)
18:39:50 - io_bottleneck_analyzer.analysis.consensus - INFO - 
18:39:50 - io_bottleneck_analyzer.analysis.consensus - INFO - Rank  5: POSIX_SIZE_WRITE_100_1K        →  +0.740
18:39:50 - io_bottleneck_analyzer.analysis.consensus - INFO -          Contributing methods: Att(+0.83) + GNN(+0.00) + Grad(+1.39)
18:39:50 - io_bottleneck_analyzer.analysis.consensus - INFO -          Consensus strength: STRONG (multiple methods agree)
18:39:50 - io_bottleneck_analyzer.analysis.consensus - INFO - 
18:39:50 - io_bottleneck_analyzer.analysis.consensus - INFO - Rank  6: POSIX_WRITES                   →  +0.631
18:39:50 - io_bottleneck_analyzer.analysis.consensus - INFO -          Contributing methods: Att(-0.06) + GNN(+0.00) + Grad(+1.96)
18:39:50 - io_bottleneck_analyzer.analysis.consensus - INFO -          Consensus strength: STRONG (multiple methods agree)
18:39:50 - io_bottleneck_analyzer.analysis.consensus - INFO - 
18:39:50 - io_bottleneck_analyzer.analysis.consensus - INFO - Rank  7: POSIX_SIZE_WRITE_0_100         →  +0.567
18:39:50 - io_bottleneck_analyzer.analysis.consensus - INFO -          Contributing methods: Att(+1.22) + GNN(+0.00) + Grad(+0.48)
18:39:50 - io_bottleneck_analyzer.analysis.consensus - INFO -          Consensus strength: STRONG (multiple methods agree)
18:39:50 - io_bottleneck_analyzer.analysis.consensus - INFO - 
18:39:50 - io_bottleneck_analyzer.analysis.consensus - INFO - Rank  8: POSIX_SIZE_WRITE_1K_10K        →  +0.551
18:39:50 - io_bottleneck_analyzer.analysis.consensus - INFO -          Contributing methods: Att(+2.08) + GNN(+0.00) + Grad(-0.43)
18:39:50 - io_bottleneck_analyzer.analysis.consensus - INFO -          Consensus strength: STRONG (multiple methods agree)
18:39:50 - io_bottleneck_analyzer.analysis.consensus - INFO - 
18:39:50 - io_bottleneck_analyzer.analysis.consensus - INFO - Rank  9: POSIX_STATS                    →  +0.549
18:39:50 - io_bottleneck_analyzer.analysis.consensus - INFO -          Contributing methods: Att(+2.42) + GNN(+0.00) + Grad(-0.78)
18:39:50 - io_bottleneck_analyzer.analysis.consensus - INFO -          Consensus strength: STRONG (multiple methods agree)
18:39:50 - io_bottleneck_analyzer.analysis.consensus - INFO - 
18:39:50 - io_bottleneck_analyzer.analysis.consensus - INFO - Rank 10: POSIX_STRIDE1_COUNT            →  +0.476
18:39:50 - io_bottleneck_analyzer.analysis.consensus - INFO -          Contributing methods: Att(+1.77) + GNN(+0.00) + Grad(-0.34)
18:39:50 - io_bottleneck_analyzer.analysis.consensus - INFO -          Consensus strength: STRONG (multiple methods agree)
18:39:50 - io_bottleneck_analyzer.analysis.analyzer - INFO - 
Analysis complete!
18:39:50 - __main__ - INFO - 
Generating report...
18:39:50 - io_bottleneck_analyzer.reporting.generator - INFO - Main report saved to: /work/hdd/bdau/mbanisharifdehkordi/GNN_4_IO_5/benchmark_evaluation/E2E/results/Study7/case2/bottleneck_report_20250921_183950.json
18:39:50 - io_bottleneck_analyzer.reporting.generator - INFO - Full scores report saved to: /work/hdd/bdau/mbanisharifdehkordi/GNN_4_IO_5/benchmark_evaluation/E2E/results/Study7/case2/bottleneck_report_full_scores_20250921_183950.json
