
======================================================================
IO BOTTLENECK ANALYZER
======================================================================

Analyzing: /work/hdd/bdau/mbanisharifdehkordi/GNN_4_IO_5/benchmark_evaluation/E2E/darshan/Study7/case1/parsed.csv

======================================================================
I/O BOTTLENECK ANALYSIS SUMMARY
======================================================================

Performance Metrics:
  Predicted: 7.47 MB/s
  Actual: 216.39 MB/s
  Error: 208.92 MB/s (96.5%)

Primary Bottleneck:
  Feature: POSIX_STRIDE2_STRIDE
  Consensus Score: 1.068
  Recommendation: Strided access pattern may cause poor performance

Top 5 Bottlenecks (Consensus):
  1. POSIX_STRIDE2_STRIDE: 1.068
  2. nprocs: 0.852
  3. POSIX_CONSEC_WRITES: 0.848
  4. POSIX_STRIDE2_COUNT: 0.816
  5. POSIX_SIZE_WRITE_100_1K: 0.740

======================================================================

Reports saved to: /work/hdd/bdau/mbanisharifdehkordi/GNN_4_IO_5/benchmark_evaluation/E2E/results/Study7/case2/
