
======================================================================
IO BOTTLENECK ANALYZER
======================================================================

Analyzing: /work/hdd/bdau/mbanisharifdehkordi/GNN_4_IO_5/benchmark_evaluation/E2E/darshan/Study3/case1/e2e_s3_c1_decomposition_mismatch_parsed.csv

======================================================================
I/O BOTTLENECK ANALYSIS SUMMARY
======================================================================

Performance Metrics:
  Predicted: 7.68 MB/s
  Actual: 28.58 MB/s
  Error: 20.90 MB/s (73.1%)

Primary Bottleneck:
  Feature: POSIX_SIZE_WRITE_100_1K
  Consensus Score: 1.847
  Recommendation: Increase write buffer size to at least 1MB for better performance

Top 5 Bottlenecks (Consensus):
  1. POSIX_SIZE_WRITE_100_1K: 1.847
  2. POSIX_STRIDE2_STRIDE: 1.808
  3. POSIX_ACCESS2_ACCESS: 1.085
  4. nprocs: 0.673
  5. POSIX_MEM_ALIGNMENT: 0.663

======================================================================

Reports saved to: /work/hdd/bdau/mbanisharifdehkordi/GNN_4_IO_5/benchmark_evaluation/E2E/results/Study3/
