
======================================================================
IO BOTTLENECK ANALYZER
======================================================================

Analyzing: /work/hdd/bdau/mbanisharifdehkordi/GNN_4_IO_5/benchmark_evaluation/E2E/SmallTest/Test3/parsed_logs/parsed_1_job.csv

======================================================================
I/O BOTTLENECK ANALYSIS SUMMARY
======================================================================

Performance Metrics:
  Predicted: 7.45 MB/s
  Actual: 158.43 MB/s
  Error: 150.98 MB/s (95.3%)

Primary Bottleneck:
  Feature: POSIX_SIZE_WRITE_1K_10K
  Consensus Score: 2.053
  Recommendation: Increase write size to 100KB or larger for improved throughput

Top 5 Bottlenecks (Consensus):
  1. POSIX_SIZE_WRITE_1K_10K: 2.053
  2. POSIX_ACCESS2_ACCESS: 0.949
  3. POSIX_SEEKS: 0.711
  4. POSIX_RW_SWITCHES: 0.677
  5. POSIX_SIZE_WRITE_100K_1M: 0.645

======================================================================

Reports saved to: /work/hdd/bdau/mbanisharifdehkordi/GNN_4_IO_5/benchmark_evaluation/E2E/SmallTest/Test3/analysis_result/
