20:18:57 - __main__ - WARNING - No similarity matrix found - will create single-node graph
20:18:57 - __main__ - INFO - Auto-detected training features: /work/hdd/bdau/mbanisharifdehkordi/GNN_4_IO_5/data/1M/aiio_sample_1000000_normalized.csv
20:18:57 - __main__ - INFO - 
Initializing analyzer...
20:18:57 - io_bottleneck_analyzer.analysis.analyzer - INFO - Initializing Bottleneck Analyzer
20:18:57 - io_bottleneck_analyzer.core.model_loader - INFO - Model loader initialized with device: cuda
20:18:57 - io_bottleneck_analyzer.core.model_loader - INFO - Loading model from: /work/hdd/bdau/mbanisharifdehkordi/GNN_4_IO_5/data/1M/best_model.pt
20:18:58 - io_bottleneck_analyzer.core.model_loader - INFO - Detected model config: hidden=512, layers=2, heads=[8, 1]
20:18:58 - io_bottleneck_analyzer.core.model_loader - INFO - Model loaded successfully
20:18:58 - io_bottleneck_analyzer.core.data_loader - INFO - Loading training features from: /work/hdd/bdau/mbanisharifdehkordi/GNN_4_IO_5/data/1M/aiio_sample_1000000_normalized.csv
20:19:02 - io_bottleneck_analyzer.core.data_loader - INFO - Loaded 1,000,000 training samples with 45 features
20:19:02 - io_bottleneck_analyzer.core.graph_builder - INFO - Graph builder initialized with threshold: 0.75
20:19:02 - io_bottleneck_analyzer.analysis.analyzer - INFO - Bottleneck Analyzer initialized successfully
20:19:02 - __main__ - INFO - 
Running analysis...
20:19:02 - io_bottleneck_analyzer.analysis.analyzer - INFO - 
======================================================================
20:19:02 - io_bottleneck_analyzer.analysis.analyzer - INFO - RUNNING BOTTLENECK ANALYSIS
20:19:02 - io_bottleneck_analyzer.analysis.analyzer - INFO - ======================================================================
20:19:02 - io_bottleneck_analyzer.core.data_loader - INFO - Loading test sample from: /work/hdd/bdau/mbanisharifdehkordi/GNN_4_IO_5/benchmark_evaluation/E2E/darshan/Study7/case1/parsed.csv
20:19:02 - io_bottleneck_analyzer.core.data_loader - INFO - Loaded test sample with 45 features
20:19:02 - io_bottleneck_analyzer.analysis.analyzer - INFO - 
Creating analysis subgraph...
20:19:02 - io_bottleneck_analyzer.core.graph_builder - INFO - Selected 100 neighbors for subgraph
20:19:02 - io_bottleneck_analyzer.core.graph_builder - DEBUG - Augmented features from 45 to 49
20:19:02 - io_bottleneck_analyzer.core.graph_builder - INFO - Created subgraph with 101 nodes and 200 edges
20:19:02 - io_bottleneck_analyzer.analysis.analyzer - INFO - 
Predicting performance...
20:19:02 - io_bottleneck_analyzer.analysis.predictor - DEBUG - Predicted performance: 7.47 MB/s
20:19:02 - io_bottleneck_analyzer.analysis.analyzer - INFO - Predicted: 7.47 MB/s
20:19:02 - io_bottleneck_analyzer.analysis.analyzer - INFO - Actual: 216.39 MB/s
20:19:02 - io_bottleneck_analyzer.analysis.analyzer - INFO - Error: 208.92 MB/s (96.5%)
20:19:02 - io_bottleneck_analyzer.analysis.analyzer - INFO - 
Running attention analysis...
20:19:02 - io_bottleneck_analyzer.methods.attention - DEBUG - Running attention analysis for node 100
20:19:02 - io_bottleneck_analyzer.analysis.analyzer - INFO - Running GNNExplainer analysis...
20:19:02 - io_bottleneck_analyzer.methods.gnn_explainer - DEBUG - Running GNNExplainer for node 100
20:19:02 - io_bottleneck_analyzer.methods.gnn_explainer - DEBUG - Epoch 0: Loss = 1.7510
20:19:02 - io_bottleneck_analyzer.methods.gnn_explainer - DEBUG - Epoch 50: Loss = 1.4748
20:19:02 - io_bottleneck_analyzer.methods.gnn_explainer - DEBUG - Epoch 100: Loss = 1.2000
20:19:03 - io_bottleneck_analyzer.methods.gnn_explainer - DEBUG - Epoch 150: Loss = 0.9941
20:19:03 - io_bottleneck_analyzer.analysis.analyzer - INFO - Running gradient analysis...
20:19:03 - io_bottleneck_analyzer.methods.gradients - DEBUG - Running integrated_gradients gradient analysis for node 100
20:19:03 - io_bottleneck_analyzer.analysis.analyzer - INFO - 
Building consensus...
20:19:03 - io_bottleneck_analyzer.analysis.consensus - INFO - 
======================================================================
20:19:03 - io_bottleneck_analyzer.analysis.consensus - INFO - Z-SCORE NORMALIZATION AND CONSENSUS CALCULATION
20:19:03 - io_bottleneck_analyzer.analysis.consensus - INFO - ======================================================================
20:19:03 - io_bottleneck_analyzer.analysis.consensus - INFO - 
Step 1: Raw Scores from Each Method
20:19:03 - io_bottleneck_analyzer.analysis.consensus - INFO - --------------------------------------------------
20:19:03 - io_bottleneck_analyzer.analysis.consensus - INFO - 
ATTENTION:
20:19:03 - io_bottleneck_analyzer.analysis.consensus - INFO -   - POSIX_STATS                   :   0.0707
20:19:03 - io_bottleneck_analyzer.analysis.consensus - INFO -   - POSIX_SIZE_WRITE_1K_10K       :   0.0646
20:19:03 - io_bottleneck_analyzer.analysis.consensus - INFO -   - POSIX_STRIDE1_COUNT           :   0.0591
20:19:03 - io_bottleneck_analyzer.analysis.consensus - INFO -   - POSIX_STRIDE2_COUNT           :   0.0541
20:19:03 - io_bottleneck_analyzer.analysis.consensus - INFO -   - POSIX_SIZE_WRITE_0_100        :   0.0494
20:19:03 - io_bottleneck_analyzer.analysis.consensus - INFO - 
GNN EXPLAINER:
20:19:03 - io_bottleneck_analyzer.analysis.consensus - INFO -   - nprocs                        :   0.9124
20:19:03 - io_bottleneck_analyzer.analysis.consensus - INFO -   - POSIX_OPENS                   :   0.9124
20:19:03 - io_bottleneck_analyzer.analysis.consensus - INFO -   - LUSTRE_STRIPE_SIZE            :   0.9124
20:19:03 - io_bottleneck_analyzer.analysis.consensus - INFO -   - LUSTRE_STRIPE_WIDTH           :   0.9124
20:19:03 - io_bottleneck_analyzer.analysis.consensus - INFO -   - POSIX_FILENOS                 :   0.9124
20:19:03 - io_bottleneck_analyzer.analysis.consensus - INFO - 
GRADIENTS:
20:19:03 - io_bottleneck_analyzer.analysis.consensus - INFO -   - nprocs                        :   0.0165
20:19:03 - io_bottleneck_analyzer.analysis.consensus - INFO -   - POSIX_CONSEC_WRITES           :   0.0150
20:19:03 - io_bottleneck_analyzer.analysis.consensus - INFO -   - POSIX_STRIDE2_STRIDE          :   0.0123
20:19:03 - io_bottleneck_analyzer.analysis.consensus - INFO -   - POSIX_WRITES                  :   0.0115
20:19:03 - io_bottleneck_analyzer.analysis.consensus - INFO -   - POSIX_SIZE_WRITE_100_1K       :   0.0091
20:19:03 - io_bottleneck_analyzer.analysis.consensus - INFO - 
Step 2: Z-Score Normalization
20:19:03 - io_bottleneck_analyzer.analysis.consensus - INFO - --------------------------------------------------
20:19:03 - io_bottleneck_analyzer.analysis.consensus - INFO - Formula: z = (x - mean) / std
20:19:03 - io_bottleneck_analyzer.analysis.consensus - INFO - 
ATTENTION:
20:19:03 - io_bottleneck_analyzer.analysis.consensus - INFO -   Mean = 0.0279, Std = 0.0177
20:19:03 - io_bottleneck_analyzer.analysis.consensus - INFO -   Z-normalized scores (Top 5):
20:19:03 - io_bottleneck_analyzer.analysis.consensus - INFO -     - POSIX_STATS                   :  +2.424 (very high importance)
20:19:03 - io_bottleneck_analyzer.analysis.consensus - INFO -     - POSIX_SIZE_WRITE_1K_10K       :  +2.082 (very high importance)
20:19:03 - io_bottleneck_analyzer.analysis.consensus - INFO -     - POSIX_STRIDE1_COUNT           :  +1.767 (very high importance)
20:19:03 - io_bottleneck_analyzer.analysis.consensus - INFO -     - POSIX_STRIDE2_COUNT           :  +1.486 (high importance)
20:19:03 - io_bottleneck_analyzer.analysis.consensus - INFO -     - POSIX_SIZE_WRITE_0_100        :  +1.221 (high importance)
20:19:03 - io_bottleneck_analyzer.analysis.consensus - INFO - 
GNN EXPLAINER:
20:19:03 - io_bottleneck_analyzer.analysis.consensus - INFO -   Mean = 0.9124, Std = 0.0000
20:19:03 - io_bottleneck_analyzer.analysis.consensus - INFO - 
GRADIENTS:
20:19:03 - io_bottleneck_analyzer.analysis.consensus - INFO -   Mean = 0.0033, Std = 0.0042
20:19:03 - io_bottleneck_analyzer.analysis.consensus - INFO -   Z-normalized scores (Top 5):
20:19:03 - io_bottleneck_analyzer.analysis.consensus - INFO -     - nprocs                        :  +3.147 (very high importance)
20:19:03 - io_bottleneck_analyzer.analysis.consensus - INFO -     - POSIX_CONSEC_WRITES           :  +2.799 (very high importance)
20:19:03 - io_bottleneck_analyzer.analysis.consensus - INFO -     - POSIX_STRIDE2_STRIDE          :  +2.155 (very high importance)
20:19:03 - io_bottleneck_analyzer.analysis.consensus - INFO -     - POSIX_WRITES                  :  +1.955 (very high importance)
20:19:03 - io_bottleneck_analyzer.analysis.consensus - INFO -     - POSIX_SIZE_WRITE_100_1K       :  +1.392 (high importance)
20:19:03 - io_bottleneck_analyzer.analysis.consensus - INFO - 
Step 3: Equal Weight Consensus
20:19:03 - io_bottleneck_analyzer.analysis.consensus - INFO - --------------------------------------------------
20:19:03 - io_bottleneck_analyzer.analysis.consensus - INFO - Formula: Consensus = 0.33 × attention + gnn explainer + gradients
20:19:03 - io_bottleneck_analyzer.analysis.consensus - INFO - 
Final Consensus Rankings:
20:19:03 - io_bottleneck_analyzer.analysis.consensus - INFO - Rank  1: POSIX_STRIDE2_STRIDE           →  +1.068
20:19:03 - io_bottleneck_analyzer.analysis.consensus - INFO -          Contributing methods: Att(+1.05) + GNN(+0.00) + Grad(+2.16)
20:19:03 - io_bottleneck_analyzer.analysis.consensus - INFO -          Consensus strength: STRONG (multiple methods agree)
20:19:03 - io_bottleneck_analyzer.analysis.consensus - INFO - 
20:19:03 - io_bottleneck_analyzer.analysis.consensus - INFO - Rank  2: nprocs                         →  +0.852
20:19:03 - io_bottleneck_analyzer.analysis.consensus - INFO -          Contributing methods: Att(-0.59) + GNN(+0.00) + Grad(+3.15)
20:19:03 - io_bottleneck_analyzer.analysis.consensus - INFO -          Consensus strength: STRONG (multiple methods agree)
20:19:03 - io_bottleneck_analyzer.analysis.consensus - INFO - 
20:19:03 - io_bottleneck_analyzer.analysis.consensus - INFO - Rank  3: POSIX_CONSEC_WRITES            →  +0.848
20:19:03 - io_bottleneck_analyzer.analysis.consensus - INFO -          Contributing methods: Att(-0.26) + GNN(+0.00) + Grad(+2.80)
20:19:03 - io_bottleneck_analyzer.analysis.consensus - INFO -          Consensus strength: STRONG (multiple methods agree)
20:19:03 - io_bottleneck_analyzer.analysis.consensus - INFO - 
20:19:03 - io_bottleneck_analyzer.analysis.consensus - INFO - Rank  4: POSIX_STRIDE2_COUNT            →  +0.816
20:19:03 - io_bottleneck_analyzer.analysis.consensus - INFO -          Contributing methods: Att(+1.49) + GNN(+0.00) + Grad(+0.96)
20:19:03 - io_bottleneck_analyzer.analysis.consensus - INFO -          Consensus strength: STRONG (multiple methods agree)
20:19:03 - io_bottleneck_analyzer.analysis.consensus - INFO - 
20:19:03 - io_bottleneck_analyzer.analysis.consensus - INFO - Rank  5: POSIX_SIZE_WRITE_100_1K        →  +0.740
20:19:03 - io_bottleneck_analyzer.analysis.consensus - INFO -          Contributing methods: Att(+0.83) + GNN(+0.00) + Grad(+1.39)
20:19:03 - io_bottleneck_analyzer.analysis.consensus - INFO -          Consensus strength: STRONG (multiple methods agree)
20:19:03 - io_bottleneck_analyzer.analysis.consensus - INFO - 
20:19:03 - io_bottleneck_analyzer.analysis.consensus - INFO - Rank  6: POSIX_WRITES                   →  +0.631
20:19:03 - io_bottleneck_analyzer.analysis.consensus - INFO -          Contributing methods: Att(-0.06) + GNN(+0.00) + Grad(+1.96)
20:19:03 - io_bottleneck_analyzer.analysis.consensus - INFO -          Consensus strength: STRONG (multiple methods agree)
20:19:03 - io_bottleneck_analyzer.analysis.consensus - INFO - 
20:19:03 - io_bottleneck_analyzer.analysis.consensus - INFO - Rank  7: POSIX_SIZE_WRITE_0_100         →  +0.567
20:19:03 - io_bottleneck_analyzer.analysis.consensus - INFO -          Contributing methods: Att(+1.22) + GNN(+0.00) + Grad(+0.48)
20:19:03 - io_bottleneck_analyzer.analysis.consensus - INFO -          Consensus strength: STRONG (multiple methods agree)
20:19:03 - io_bottleneck_analyzer.analysis.consensus - INFO - 
20:19:03 - io_bottleneck_analyzer.analysis.consensus - INFO - Rank  8: POSIX_SIZE_WRITE_1K_10K        →  +0.551
20:19:03 - io_bottleneck_analyzer.analysis.consensus - INFO -          Contributing methods: Att(+2.08) + GNN(+0.00) + Grad(-0.43)
20:19:03 - io_bottleneck_analyzer.analysis.consensus - INFO -          Consensus strength: STRONG (multiple methods agree)
20:19:03 - io_bottleneck_analyzer.analysis.consensus - INFO - 
20:19:03 - io_bottleneck_analyzer.analysis.consensus - INFO - Rank  9: POSIX_STATS                    →  +0.549
20:19:03 - io_bottleneck_analyzer.analysis.consensus - INFO -          Contributing methods: Att(+2.42) + GNN(+0.00) + Grad(-0.78)
20:19:03 - io_bottleneck_analyzer.analysis.consensus - INFO -          Consensus strength: STRONG (multiple methods agree)
20:19:03 - io_bottleneck_analyzer.analysis.consensus - INFO - 
20:19:03 - io_bottleneck_analyzer.analysis.consensus - INFO - Rank 10: POSIX_STRIDE1_COUNT            →  +0.476
20:19:03 - io_bottleneck_analyzer.analysis.consensus - INFO -          Contributing methods: Att(+1.77) + GNN(+0.00) + Grad(-0.34)
20:19:03 - io_bottleneck_analyzer.analysis.consensus - INFO -          Consensus strength: STRONG (multiple methods agree)
20:19:03 - io_bottleneck_analyzer.analysis.analyzer - INFO - 
Analysis complete!
20:19:03 - __main__ - INFO - 
Generating report...
20:19:03 - io_bottleneck_analyzer.reporting.generator - INFO - Main report saved to: /work/hdd/bdau/mbanisharifdehkordi/GNN_4_IO_5/benchmark_evaluation/E2E/results/Study7/case2/bottleneck_report_20250921_201903.json
20:19:03 - io_bottleneck_analyzer.reporting.generator - INFO - Full scores report saved to: /work/hdd/bdau/mbanisharifdehkordi/GNN_4_IO_5/benchmark_evaluation/E2E/results/Study7/case2/bottleneck_report_full_scores_20250921_201903.json
