
======================================================================
IO BOTTLENECK ANALYZER
======================================================================

Analyzing: /work/hdd/bdau/mbanisharifdehkordi/GNN_4_IO_5/benchmark_evaluation/E2E/SmallTest/Test1/parsed_logs/parsed_1_job.csv

======================================================================
I/O BOTTLENECK ANALYSIS SUMMARY
======================================================================

Performance Metrics:
  Predicted: 7.51 MB/s
  Actual: 46.21 MB/s
  Error: 38.70 MB/s (83.8%)

Primary Bottleneck:
  Feature: POSIX_ACCESS2_ACCESS
  Consensus Score: 2.740
  Recommendation: Analyze I/O pattern for optimization opportunities

Top 5 Bottlenecks (Consensus):
  1. POSIX_ACCESS2_ACCESS: 2.740
  2. POSIX_SIZE_WRITE_1K_10K: 1.066
  3. POSIX_ACCESS1_ACCESS: 1.036
  4. POSIX_SEEKS: 0.875
  5. POSIX_RW_SWITCHES: 0.677

======================================================================

Reports saved to: /work/hdd/bdau/mbanisharifdehkordi/GNN_4_IO_5/benchmark_evaluation/E2E/SmallTest/Test1/analysis_result_1_job/
