
======================================================================
IO BOTTLENECK ANALYZER
======================================================================

Analyzing: /work/hdd/bdau/mbanisharifdehkordi/GNN_4_IO_5/benchmark_evaluation/E2E/darshan/Study7/case1/parsed.csv

======================================================================
I/O BOTTLENECK ANALYSIS SUMMARY
======================================================================

Performance Metrics:
  Predicted: 7.47 MB/s
  Actual: 216.39 MB/s
  Error: 208.92 MB/s (96.5%)

Primary Bottleneck:
  Feature: POSIX_CONSEC_WRITES
  Consensus Score: 1.400
  Recommendation: Already using consecutive writes, but check if size can be increased

Top 5 Bottlenecks (Consensus):
  1. POSIX_CONSEC_WRITES: 1.400
  2. nprocs: 1.175
  3. POSIX_STRIDE2_STRIDE: 1.078
  4. POSIX_WRITES: 0.978
  5. POSIX_SIZE_WRITE_100_1K: 0.696

======================================================================

Reports saved to: /work/hdd/bdau/mbanisharifdehkordi/GNN_4_IO_5/benchmark_evaluation/E2E/results/Study7/case1/
