07:52:51 - __main__ - WARNING - No similarity matrix found - will create single-node graph
07:52:51 - __main__ - INFO - Auto-detected training features: /work/hdd/bdau/mbanisharifdehkordi/GNN_4_IO_5/data/1M/aiio_sample_1000000_normalized.csv
07:52:51 - __main__ - INFO - 
Initializing analyzer...
07:52:51 - io_bottleneck_analyzer.analysis.analyzer - INFO - Initializing Bottleneck Analyzer
07:52:51 - io_bottleneck_analyzer.core.model_loader - INFO - Model loader initialized with device: cuda
07:52:51 - io_bottleneck_analyzer.core.model_loader - INFO - Loading model from: /work/hdd/bdau/mbanisharifdehkordi/GNN_4_IO_5/data/1M/best_model.pt
07:52:52 - io_bottleneck_analyzer.core.model_loader - INFO - Detected model config: hidden=512, layers=2, heads=[8, 1]
07:52:52 - io_bottleneck_analyzer.core.model_loader - INFO - Model loaded successfully
07:52:52 - io_bottleneck_analyzer.core.data_loader - INFO - Loading training features from: /work/hdd/bdau/mbanisharifdehkordi/GNN_4_IO_5/data/1M/aiio_sample_1000000_normalized.csv
07:52:57 - io_bottleneck_analyzer.core.data_loader - INFO - Loaded 1,000,000 training samples with 45 features
07:52:57 - io_bottleneck_analyzer.core.graph_builder - INFO - Graph builder initialized with threshold: 0.75
07:52:57 - io_bottleneck_analyzer.analysis.analyzer - INFO - Bottleneck Analyzer initialized successfully
07:52:57 - __main__ - INFO - 
Running analysis...
07:52:57 - io_bottleneck_analyzer.analysis.analyzer - INFO - 
======================================================================
07:52:57 - io_bottleneck_analyzer.analysis.analyzer - INFO - RUNNING BOTTLENECK ANALYSIS
07:52:57 - io_bottleneck_analyzer.analysis.analyzer - INFO - ======================================================================
07:52:57 - io_bottleneck_analyzer.core.data_loader - INFO - Loading test sample from: /work/hdd/bdau/mbanisharifdehkordi/GNN_4_IO_5/benchmark_evaluation/IOR/AIIO_V3/Pattern3/parsed.csv
07:52:57 - io_bottleneck_analyzer.core.data_loader - INFO - Loaded test sample with 45 features
07:52:57 - io_bottleneck_analyzer.analysis.analyzer - INFO - 
Creating analysis subgraph...
07:52:57 - io_bottleneck_analyzer.core.graph_builder - INFO - Selected 100 neighbors for subgraph
07:52:57 - io_bottleneck_analyzer.core.graph_builder - DEBUG - Augmented features from 45 to 49
07:52:57 - io_bottleneck_analyzer.core.graph_builder - INFO - Created subgraph with 101 nodes and 200 edges
07:52:57 - io_bottleneck_analyzer.analysis.analyzer - INFO - 
Predicting performance...
07:52:58 - io_bottleneck_analyzer.analysis.predictor - DEBUG - Predicted performance: 7.21 MB/s
07:52:58 - io_bottleneck_analyzer.analysis.analyzer - INFO - Predicted: 7.21 MB/s
07:52:58 - io_bottleneck_analyzer.analysis.analyzer - INFO - Actual: 12.37 MB/s
07:52:58 - io_bottleneck_analyzer.analysis.analyzer - INFO - Error: 5.16 MB/s (41.7%)
07:52:58 - io_bottleneck_analyzer.analysis.analyzer - INFO - 
Running attention analysis...
07:52:58 - io_bottleneck_analyzer.methods.attention - DEBUG - Running attention analysis for node 100
07:52:58 - io_bottleneck_analyzer.methods.attention - DEBUG - Feature filtering enabled: 37/45 features active
07:52:58 - io_bottleneck_analyzer.analysis.analyzer - INFO - Running GNNExplainer analysis...
07:52:58 - io_bottleneck_analyzer.methods.gnn_explainer - DEBUG - Running GNNExplainer for node 100
07:52:58 - io_bottleneck_analyzer.methods.gnn_explainer - DEBUG - Feature filtering enabled: 37/45 features active
07:52:58 - io_bottleneck_analyzer.methods.gnn_explainer - DEBUG - Epoch 0: Loss = 2.3161, Pred = 0.0001, Mask = 2.0340
07:52:58 - io_bottleneck_analyzer.methods.gnn_explainer - DEBUG - Epoch 50: Loss = 1.3451, Pred = 0.0001, Mask = 1.1074
07:52:58 - io_bottleneck_analyzer.methods.gnn_explainer - DEBUG - Epoch 100: Loss = 0.7289, Pred = 0.0001, Mask = 0.5650
07:52:58 - io_bottleneck_analyzer.methods.gnn_explainer - DEBUG - Epoch 150: Loss = 0.4354, Pred = 0.0002, Mask = 0.3225
07:52:59 - io_bottleneck_analyzer.analysis.analyzer - INFO - Running gradient analysis...
07:52:59 - io_bottleneck_analyzer.methods.gradients - DEBUG - Running integrated_gradients gradient analysis for node 100
07:52:59 - io_bottleneck_analyzer.methods.gradients - DEBUG - Feature filtering enabled: 37/45 features active
07:52:59 - io_bottleneck_analyzer.analysis.analyzer - INFO - 
Building consensus...
07:52:59 - io_bottleneck_analyzer.analysis.consensus - INFO - 
======================================================================
07:52:59 - io_bottleneck_analyzer.analysis.consensus - INFO - Z-SCORE NORMALIZATION AND CONSENSUS CALCULATION
07:52:59 - io_bottleneck_analyzer.analysis.consensus - INFO - ======================================================================
07:52:59 - io_bottleneck_analyzer.analysis.consensus - INFO - 
Step 1: Raw Scores from Each Method
07:52:59 - io_bottleneck_analyzer.analysis.consensus - INFO - --------------------------------------------------
07:52:59 - io_bottleneck_analyzer.analysis.consensus - INFO - 
ATTENTION:
07:52:59 - io_bottleneck_analyzer.analysis.consensus - INFO -   - POSIX_STRIDE1_COUNT           :   0.0642
07:52:59 - io_bottleneck_analyzer.analysis.consensus - INFO -   - POSIX_SIZE_WRITE_100_1K       :   0.0570
07:52:59 - io_bottleneck_analyzer.analysis.consensus - INFO -   - POSIX_FILENOS                 :   0.0561
07:52:59 - io_bottleneck_analyzer.analysis.consensus - INFO -   - POSIX_ACCESS1_COUNT           :   0.0552
07:52:59 - io_bottleneck_analyzer.analysis.consensus - INFO -   - POSIX_SEEKS                   :   0.0501
07:52:59 - io_bottleneck_analyzer.analysis.consensus - INFO - 
GNN EXPLAINER:
07:52:59 - io_bottleneck_analyzer.analysis.consensus - INFO -   - POSIX_SIZE_WRITE_1K_10K       :   1.0000
07:52:59 - io_bottleneck_analyzer.analysis.consensus - INFO -   - POSIX_OPENS                   :   0.9846
07:52:59 - io_bottleneck_analyzer.analysis.consensus - INFO -   - POSIX_ACCESS2_ACCESS          :   0.9468
07:52:59 - io_bottleneck_analyzer.analysis.consensus - INFO -   - POSIX_STRIDE1_COUNT           :   0.9248
07:52:59 - io_bottleneck_analyzer.analysis.consensus - INFO -   - POSIX_ACCESS4_ACCESS          :   0.8857
07:52:59 - io_bottleneck_analyzer.analysis.consensus - INFO - 
GRADIENTS:
07:52:59 - io_bottleneck_analyzer.analysis.consensus - INFO -   - POSIX_SIZE_WRITE_100_1K       :   1.0000
07:52:59 - io_bottleneck_analyzer.analysis.consensus - INFO -   - POSIX_SIZE_WRITE_100K_1M      :   0.3179
07:52:59 - io_bottleneck_analyzer.analysis.consensus - INFO -   - POSIX_SIZE_WRITE_1K_10K       :   0.1773
07:52:59 - io_bottleneck_analyzer.analysis.consensus - INFO -   - nprocs                        :   0.1729
07:52:59 - io_bottleneck_analyzer.analysis.consensus - INFO -   - POSIX_CONSEC_WRITES           :   0.1595
07:52:59 - io_bottleneck_analyzer.analysis.consensus - INFO - 
Step 2: Z-Score Normalization
07:52:59 - io_bottleneck_analyzer.analysis.consensus - INFO - --------------------------------------------------
07:52:59 - io_bottleneck_analyzer.analysis.consensus - INFO - Formula: z = (x - mean) / std
07:52:59 - io_bottleneck_analyzer.analysis.consensus - INFO - 
ATTENTION:
07:52:59 - io_bottleneck_analyzer.analysis.consensus - INFO -   Mean = 0.0312, Std = 0.0151
07:52:59 - io_bottleneck_analyzer.analysis.consensus - INFO -   Z-normalized scores (Top 5):
07:52:59 - io_bottleneck_analyzer.analysis.consensus - INFO -     - POSIX_STRIDE1_COUNT           :  +2.190 (very high importance)
07:52:59 - io_bottleneck_analyzer.analysis.consensus - INFO -     - POSIX_SIZE_WRITE_100_1K       :  +1.712 (very high importance)
07:52:59 - io_bottleneck_analyzer.analysis.consensus - INFO -     - POSIX_FILENOS                 :  +1.652 (very high importance)
07:52:59 - io_bottleneck_analyzer.analysis.consensus - INFO -     - POSIX_ACCESS1_COUNT           :  +1.594 (very high importance)
07:52:59 - io_bottleneck_analyzer.analysis.consensus - INFO -     - POSIX_SEEKS                   :  +1.253 (high importance)
07:52:59 - io_bottleneck_analyzer.analysis.consensus - INFO - 
GNN EXPLAINER:
07:52:59 - io_bottleneck_analyzer.analysis.consensus - INFO -   Mean = 0.8051, Std = 0.0881
07:52:59 - io_bottleneck_analyzer.analysis.consensus - INFO -   Z-normalized scores (Top 5):
07:52:59 - io_bottleneck_analyzer.analysis.consensus - INFO -     - POSIX_SIZE_WRITE_1K_10K       :  +2.212 (very high importance)
07:52:59 - io_bottleneck_analyzer.analysis.consensus - INFO -     - POSIX_OPENS                   :  +2.038 (very high importance)
07:52:59 - io_bottleneck_analyzer.analysis.consensus - INFO -     - POSIX_ACCESS2_ACCESS          :  +1.608 (very high importance)
07:52:59 - io_bottleneck_analyzer.analysis.consensus - INFO -     - POSIX_STRIDE1_COUNT           :  +1.358 (high importance)
07:52:59 - io_bottleneck_analyzer.analysis.consensus - INFO -     - POSIX_ACCESS4_ACCESS          :  +0.915 (high importance)
07:52:59 - io_bottleneck_analyzer.analysis.consensus - INFO - 
GRADIENTS:
07:52:59 - io_bottleneck_analyzer.analysis.consensus - INFO -   Mean = 0.0926, Std = 0.1686
07:52:59 - io_bottleneck_analyzer.analysis.consensus - INFO -   Z-normalized scores (Top 5):
07:52:59 - io_bottleneck_analyzer.analysis.consensus - INFO -     - POSIX_SIZE_WRITE_100_1K       :  +5.380 (very high importance)
07:52:59 - io_bottleneck_analyzer.analysis.consensus - INFO -     - POSIX_SIZE_WRITE_100K_1M      :  +1.336 (high importance)
07:52:59 - io_bottleneck_analyzer.analysis.consensus - INFO -     - POSIX_SIZE_WRITE_1K_10K       :  +0.502 (high importance)
07:52:59 - io_bottleneck_analyzer.analysis.consensus - INFO -     - nprocs                        :  +0.476 (medium importance)
07:52:59 - io_bottleneck_analyzer.analysis.consensus - INFO -     - POSIX_CONSEC_WRITES           :  +0.396 (medium importance)
07:52:59 - io_bottleneck_analyzer.analysis.consensus - INFO - 
Step 3: Equal Weight Consensus
07:52:59 - io_bottleneck_analyzer.analysis.consensus - INFO - --------------------------------------------------
07:52:59 - io_bottleneck_analyzer.analysis.consensus - INFO - Formula: Consensus = 0.33 × attention + gnn explainer + gradients
07:52:59 - io_bottleneck_analyzer.analysis.consensus - INFO - 
Final Consensus Rankings:
07:52:59 - io_bottleneck_analyzer.analysis.consensus - INFO - Rank  1: POSIX_SIZE_WRITE_100_1K        →  +2.014
07:52:59 - io_bottleneck_analyzer.analysis.consensus - INFO -          Contributing methods: Att(+1.71) + GNN(-1.05) + Grad(+5.38)
07:52:59 - io_bottleneck_analyzer.analysis.consensus - INFO -          Consensus strength: STRONG (multiple methods agree)
07:52:59 - io_bottleneck_analyzer.analysis.consensus - INFO - 
07:52:59 - io_bottleneck_analyzer.analysis.consensus - INFO - Rank  2: POSIX_SIZE_WRITE_1K_10K        →  +1.066
07:52:59 - io_bottleneck_analyzer.analysis.consensus - INFO -          Contributing methods: Att(+0.48) + GNN(+2.21) + Grad(+0.50)
07:52:59 - io_bottleneck_analyzer.analysis.consensus - INFO -          Consensus strength: STRONG (multiple methods agree)
07:52:59 - io_bottleneck_analyzer.analysis.consensus - INFO - 
07:52:59 - io_bottleneck_analyzer.analysis.consensus - INFO - Rank  3: POSIX_STRIDE1_COUNT            →  +1.057
07:52:59 - io_bottleneck_analyzer.analysis.consensus - INFO -          Contributing methods: Att(+2.19) + GNN(+1.36) + Grad(-0.38)
07:52:59 - io_bottleneck_analyzer.analysis.consensus - INFO -          Consensus strength: STRONG (multiple methods agree)
07:52:59 - io_bottleneck_analyzer.analysis.consensus - INFO - 
07:52:59 - io_bottleneck_analyzer.analysis.consensus - INFO - Rank  4: POSIX_MEM_ALIGNMENT            →  +0.644
07:52:59 - io_bottleneck_analyzer.analysis.consensus - INFO -          Contributing methods: GNN(+0.64)
07:52:59 - io_bottleneck_analyzer.analysis.consensus - INFO -          Consensus strength: WEAK (single method)
07:52:59 - io_bottleneck_analyzer.analysis.consensus - INFO - 
07:52:59 - io_bottleneck_analyzer.analysis.consensus - INFO - Rank  5: POSIX_WRITES                   →  +0.518
07:52:59 - io_bottleneck_analyzer.analysis.consensus - INFO -          Contributing methods: Att(+0.92) + GNN(+0.53) + Grad(+0.11)
07:52:59 - io_bottleneck_analyzer.analysis.consensus - INFO -          Consensus strength: STRONG (multiple methods agree)
07:52:59 - io_bottleneck_analyzer.analysis.consensus - INFO - 
07:52:59 - io_bottleneck_analyzer.analysis.consensus - INFO - Rank  6: POSIX_ACCESS1_COUNT            →  +0.470
07:52:59 - io_bottleneck_analyzer.analysis.consensus - INFO -          Contributing methods: Att(+1.59) + GNN(+0.10) + Grad(-0.29)
07:52:59 - io_bottleneck_analyzer.analysis.consensus - INFO -          Consensus strength: STRONG (multiple methods agree)
07:52:59 - io_bottleneck_analyzer.analysis.consensus - INFO - 
07:52:59 - io_bottleneck_analyzer.analysis.consensus - INFO - Rank  7: POSIX_MEM_NOT_ALIGNED          →  +0.452
07:52:59 - io_bottleneck_analyzer.analysis.consensus - INFO -          Contributing methods: GNN(+0.78) + Grad(+0.13)
07:52:59 - io_bottleneck_analyzer.analysis.consensus - INFO -          Consensus strength: STRONG (multiple methods agree)
07:52:59 - io_bottleneck_analyzer.analysis.consensus - INFO - 
07:52:59 - io_bottleneck_analyzer.analysis.consensus - INFO - Rank  8: POSIX_STRIDE2_COUNT            →  +0.391
07:52:59 - io_bottleneck_analyzer.analysis.consensus - INFO -          Contributing methods: Att(+0.24) + GNN(+0.64) + Grad(+0.29)
07:52:59 - io_bottleneck_analyzer.analysis.consensus - INFO -          Consensus strength: STRONG (multiple methods agree)
07:52:59 - io_bottleneck_analyzer.analysis.consensus - INFO - 
07:52:59 - io_bottleneck_analyzer.analysis.consensus - INFO - Rank  9: POSIX_SIZE_WRITE_100K_1M       →  +0.328
07:52:59 - io_bottleneck_analyzer.analysis.consensus - INFO -          Contributing methods: Att(-0.55) + GNN(+0.20) + Grad(+1.34)
07:52:59 - io_bottleneck_analyzer.analysis.consensus - INFO -          Consensus strength: STRONG (multiple methods agree)
07:52:59 - io_bottleneck_analyzer.analysis.consensus - INFO - 
07:52:59 - io_bottleneck_analyzer.analysis.consensus - INFO - Rank 10: POSIX_FILE_NOT_ALIGNED         →  +0.231
07:52:59 - io_bottleneck_analyzer.analysis.consensus - INFO -          Contributing methods: Att(+0.95) + GNN(-0.00) + Grad(-0.26)
07:52:59 - io_bottleneck_analyzer.analysis.consensus - INFO -          Consensus strength: STRONG (multiple methods agree)
07:52:59 - io_bottleneck_analyzer.analysis.analyzer - INFO - 
Analysis complete!
07:52:59 - __main__ - INFO - 
Generating report...
07:52:59 - io_bottleneck_analyzer.reporting.generator - INFO - Main report saved to: /work/hdd/bdau/mbanisharifdehkordi/GNN_4_IO_5/benchmark_evaluation/IOR/AIIO_V3/Pattern3/analysis_results/bottleneck_report_20251009_075259.json
07:52:59 - io_bottleneck_analyzer.reporting.generator - INFO - Full scores report saved to: /work/hdd/bdau/mbanisharifdehkordi/GNN_4_IO_5/benchmark_evaluation/IOR/AIIO_V3/Pattern3/analysis_results/bottleneck_report_full_scores_20251009_075259.json
