==========================================
Starting Darshan parsing
Input directory: /work/hdd/bdau/mbanisharifdehkordi/E2E/Parser/case1
Output CSV: /work/hdd/bdau/mbanisharifdehkordi/E2E/Parser/case1/parsed.csv
Sample CSV: /work/hdd/bdau/mbanisharifdehkordi/E2E/Parser/sample_train_100.csv
Temp directory: /tmp/darshan_parse_11900229
Using darshan-parser from: /u/mbanisharifdehkordi/darshan-fresh/bin/darshan-parser
==========================================
Input Darshan files:
  /work/hdd/bdau/mbanisharifdehkordi/E2E/Parser/case1/e2e_pathological_11673694_64procs_1stripe_64kb.darshan
Total files to process: 1
==========================================
Found 1 Darshan files to process

Processing 1/1: e2e_pathological_11673694_64procs_1stripe_64kb.darshan
  Parsing POSIX counters:
    RAW: total_POSIX_OPENS = 257
    RAW: total_POSIX_FILENOS = 0
    RAW: total_POSIX_DUPS = 0
    RAW: total_POSIX_READS = 2
    RAW: total_POSIX_WRITES = 718
    RAW: total_POSIX_SEEKS = 49
    RAW: total_POSIX_STATS = 0
    RAW: total_POSIX_MMAPS = -1
    WARNING: Negative value for total_POSIX_MMAPS: -1
    RAW: total_POSIX_FSYNCS = 768
    RAW: total_POSIX_FDSYNCS = 0
    RAW: total_POSIX_RENAME_SOURCES = 0
    RAW: total_POSIX_RENAME_TARGETS = 0
    RAW: total_POSIX_RENAMED_FROM = 0
    RAW: total_POSIX_MODE = 0
    RAW: total_POSIX_BYTES_READ = 11328
    RAW: total_POSIX_BYTES_WRITTEN = 41993954
    RAW: total_POSIX_MAX_BYTE_READ = 21014871
    RAW: total_POSIX_MAX_BYTE_WRITTEN = 21022017
    RAW: total_POSIX_CONSEC_READS = 0
    RAW: total_POSIX_CONSEC_WRITES = 640
    RAW: total_POSIX_SEQ_READS = 1
    RAW: total_POSIX_SEQ_WRITES = 669
    RAW: total_POSIX_RW_SWITCHES = 4
    RAW: total_POSIX_MEM_NOT_ALIGNED = 265
    RAW: total_POSIX_MEM_ALIGNMENT = 8
    RAW: total_POSIX_FILE_NOT_ALIGNED = 631
    RAW: total_POSIX_FILE_ALIGNMENT = 1048576
    RAW: total_POSIX_MAX_READ_TIME_SIZE = 11328
    RAW: total_POSIX_MAX_WRITE_TIME_SIZE = 48
    RAW: total_POSIX_SIZE_READ_0_100 = 1
    RAW: total_POSIX_SIZE_READ_100_1K = 0
    RAW: total_POSIX_SIZE_READ_1K_10K = 0
    RAW: total_POSIX_SIZE_READ_10K_100K = 1
    RAW: total_POSIX_SIZE_READ_100K_1M = 0
    RAW: total_POSIX_SIZE_READ_1M_4M = 0
    RAW: total_POSIX_SIZE_READ_4M_10M = 0
    RAW: total_POSIX_SIZE_READ_10M_100M = 0
    RAW: total_POSIX_SIZE_READ_100M_1G = 0
    RAW: total_POSIX_SIZE_READ_1G_PLUS = 0
    RAW: total_POSIX_SIZE_WRITE_0_100 = 47
    RAW: total_POSIX_SIZE_WRITE_100_1K = 0
    RAW: total_POSIX_SIZE_WRITE_1K_10K = 10
    RAW: total_POSIX_SIZE_WRITE_10K_100K = 661
    RAW: total_POSIX_SIZE_WRITE_100K_1M = 0
    RAW: total_POSIX_SIZE_WRITE_1M_4M = 0
    RAW: total_POSIX_SIZE_WRITE_4M_10M = 0
    RAW: total_POSIX_SIZE_WRITE_10M_100M = 0
    RAW: total_POSIX_SIZE_WRITE_100M_1G = 0
    RAW: total_POSIX_SIZE_WRITE_1G_PLUS = 0
    RAW: total_POSIX_STRIDE1_STRIDE = 3404
    RAW: total_POSIX_STRIDE2_STRIDE = 2097152
    RAW: total_POSIX_STRIDE3_STRIDE = 5060
    RAW: total_POSIX_STRIDE4_STRIDE = 3136
    RAW: total_POSIX_STRIDE1_COUNT = 14
    RAW: total_POSIX_STRIDE2_COUNT = 10
    RAW: total_POSIX_STRIDE3_COUNT = 2
    RAW: total_POSIX_STRIDE4_COUNT = 2
    RAW: total_POSIX_ACCESS1_ACCESS = 65536
    RAW: total_POSIX_ACCESS2_ACCESS = 8
    RAW: total_POSIX_ACCESS3_ACCESS = 3404
    RAW: total_POSIX_ACCESS4_ACCESS = 11328
    RAW: total_POSIX_ACCESS1_COUNT = 620
    RAW: total_POSIX_ACCESS2_COUNT = 46
    RAW: total_POSIX_ACCESS3_COUNT = 7
    RAW: total_POSIX_ACCESS4_COUNT = 4
    RAW: total_POSIX_FASTEST_RANK = -1
    WARNING: Negative value for total_POSIX_FASTEST_RANK: -1
    RAW: total_POSIX_FASTEST_RANK_BYTES = -1
    WARNING: Negative value for total_POSIX_FASTEST_RANK_BYTES: -1
    RAW: total_POSIX_SLOWEST_RANK = -1
    WARNING: Negative value for total_POSIX_SLOWEST_RANK: -1
    RAW: total_POSIX_SLOWEST_RANK_BYTES = -1
    WARNING: Negative value for total_POSIX_SLOWEST_RANK_BYTES: -1
    RAW: total_POSIX_F_OPEN_START_TIMESTAMP = 1.011998
    RAW: total_POSIX_F_READ_START_TIMESTAMP = 1.952947
    RAW: total_POSIX_F_WRITE_START_TIMESTAMP = 1.112717
    RAW: total_POSIX_F_CLOSE_START_TIMESTAMP = 1.020432
    RAW: total_POSIX_F_OPEN_END_TIMESTAMP = 1.218461
    RAW: total_POSIX_F_READ_END_TIMESTAMP = 1.960672
    RAW: total_POSIX_F_WRITE_END_TIMESTAMP = 2.772285
    RAW: total_POSIX_F_CLOSE_END_TIMESTAMP = 2.796224
    RAW: total_POSIX_F_READ_TIME = 0.007482
    RAW: total_POSIX_F_WRITE_TIME = 5.090714
    RAW: total_POSIX_F_META_TIME = 2.316843
    RAW: total_POSIX_F_MAX_READ_TIME = 0.007452
    RAW: total_POSIX_F_MAX_WRITE_TIME = 0.048718
    RAW: total_POSIX_F_FASTEST_RANK_TIME = 0.000000
    RAW: total_POSIX_F_SLOWEST_RANK_TIME = 0.000000
    RAW: total_POSIX_F_VARIANCE_RANK_TIME = 0.000000
    RAW: total_POSIX_F_VARIANCE_RANK_BYTES = 0.000000
  Found runtime: 2.7106 seconds
    AIIO Performance Calculation:
      Total bytes: 42005282.0 (11328.0 read + 41993954.0 written)
      Runtime: 2.7106 seconds
      Performance: 14.78 MiB/s
  Parsing Lustre data:
    RAW: LUSTRE_OSTS	114
    RAW: LUSTRE_MDTS	64
    RAW: LUSTRE_STRIPE_OFFSET	-1
    RAW: LUSTRE_STRIPE_SIZE	65536
      -> Found LUSTRE_STRIPE_SIZE = 65536
    RAW: LUSTRE_STRIPE_WIDTH	1
      -> Found LUSTRE_STRIPE_WIDTH = 1
    RAW: LUSTRE_OST_ID_0	106
    RAW: LUSTRE_OSTS	114
    RAW: LUSTRE_MDTS	64
    RAW: LUSTRE_STRIPE_OFFSET	-1
    RAW: LUSTRE_STRIPE_SIZE	65536
      -> Found LUSTRE_STRIPE_SIZE = 65536
    RAW: LUSTRE_STRIPE_WIDTH	1
      -> Found LUSTRE_STRIPE_WIDTH = 1
    RAW: LUSTRE_OST_ID_0	102
    RAW: LUSTRE_OSTS	114
    RAW: LUSTRE_MDTS	64
    RAW: LUSTRE_STRIPE_OFFSET	-1
    RAW: LUSTRE_STRIPE_SIZE	65536
      -> Found LUSTRE_STRIPE_SIZE = 65536
    RAW: LUSTRE_STRIPE_WIDTH	1
      -> Found LUSTRE_STRIPE_WIDTH = 1
    RAW: LUSTRE_OST_ID_0	103
    Final LUSTRE_STRIPE_WIDTH: 1 (from values: [1, 1, 1])
    Final LUSTRE_STRIPE_SIZE: 65536 (from values: [65536, 65536, 65536])
  Found nprocs: 64
  Found 46 counters successfully
  Processed successfully

============================================================
Normalized output written to /work/hdd/bdau/mbanisharifdehkordi/E2E/Parser/case1/parsed.csv
Raw output written to /work/hdd/bdau/mbanisharifdehkordi/E2E/Parser/case1/parsed_raw.csv
==========================================
Parser exit code: 0
Output CSV created successfully:
-rw-rw----+ 1 mbanisharifdehkordi delta_bdau 1.6K Sep  8 17:48 /work/hdd/bdau/mbanisharifdehkordi/E2E/Parser/case1/parsed.csv

First 5 lines of output:
nprocs,POSIX_OPENS,LUSTRE_STRIPE_SIZE,LUSTRE_STRIPE_WIDTH,POSIX_FILENOS,POSIX_MEM_ALIGNMENT,POSIX_FILE_ALIGNMENT,POSIX_READS,POSIX_WRITES,POSIX_SEEKS,POSIX_STATS,POSIX_BYTES_READ,POSIX_BYTES_WRITTEN,POSIX_CONSEC_READS,POSIX_CONSEC_WRITES,POSIX_SEQ_READS,POSIX_SEQ_WRITES,POSIX_RW_SWITCHES,POSIX_MEM_NOT_ALIGNED,POSIX_FILE_NOT_ALIGNED,POSIX_SIZE_READ_0_100,POSIX_SIZE_READ_100_1K,POSIX_SIZE_READ_1K_10K,POSIX_SIZE_READ_100K_1M,POSIX_SIZE_WRITE_0_100,POSIX_SIZE_WRITE_100_1K,POSIX_SIZE_WRITE_1K_10K,POSIX_SIZE_WRITE_10K_100K,POSIX_SIZE_WRITE_100K_1M,POSIX_STRIDE1_STRIDE,POSIX_STRIDE2_STRIDE,POSIX_STRIDE3_STRIDE,POSIX_STRIDE4_STRIDE,POSIX_STRIDE1_COUNT,POSIX_STRIDE2_COUNT,POSIX_STRIDE3_COUNT,POSIX_STRIDE4_COUNT,POSIX_ACCESS1_ACCESS,POSIX_ACCESS2_ACCESS,POSIX_ACCESS3_ACCESS,POSIX_ACCESS4_ACCESS,POSIX_ACCESS1_COUNT,POSIX_ACCESS2_COUNT,POSIX_ACCESS3_COUNT,POSIX_ACCESS4_COUNT,tag
1.8129133566428555,2.41161970596323,4.816486557381031,0.3010299956639812,0.0,0.9542425094393249,6.020600327454919,0.47712125471966244,2.8567288903828825,1.6989700043360187,0.0,4.054191576796431,7.6231867785148095,0.0,2.8068580295188172,0.3010299956639812,2.8260748027008264,0.6989700043360189,2.424881636631067,2.800717078282385,0.3010299956639812,0.0,0.0,0.0,1.6812412373755872,0.0,1.041392685158225,2.8208579894397,0.0,3.532117116248804,6.321630116031303,3.704236337308788,3.496514518697745,1.1760912590556813,1.041392685158225,0.47712125471966244,0.47712125471966244,4.816486557381031,0.9542425094393249,3.532117116248804,4.054191576796431,2.79309160017658,1.6720978579357175,0.9030899869919435,0.6989700043360189,1.1980733958494034

Number of rows (including header):
2 /work/hdd/bdau/mbanisharifdehkordi/E2E/Parser/case1/parsed.csv
==========================================
Parsing complete
