20:57:18 - 
======================================================================
20:57:18 - INITIALIZING IOR INTERPRETABILITY ANALYZER
20:57:18 - ======================================================================
20:57:18 - Model configuration: hidden=512, layers=2, heads=[8, 1]
20:57:23 - Loaded 1,000,000 training samples
20:57:23 - 
======================================================================
20:57:23 - RUNNING INTERPRETABILITY ANALYSIS
20:57:23 - ======================================================================
20:57:23 - 
======================================================================
20:57:23 - CREATING SUBGRAPH FOR ANALYSIS
20:57:23 - ======================================================================
20:57:23 - Selected 100 neighbors for analysis
20:57:23 - Created subgraph with 101 nodes and 200 edges
20:57:23 - 
======================================================================
20:57:23 - PERFORMANCE PREDICTION
20:57:23 - ======================================================================
20:57:23 - Predicted: 7.68 MB/s
20:57:23 - Actual: 28.58 MB/s
20:57:23 - Error: 20.90 MB/s
20:57:23 - Relative Error: 73.1%
20:57:23 - 
======================================================================
20:57:23 - ATTENTION ANALYSIS
20:57:23 - ======================================================================
20:57:23 -   Using fallback: extracting raw attention weights
20:57:23 -   Extracted 10 features from raw attention
20:57:23 - Raw Attention Scores (Top 10):
20:57:23 -    1. POSIX_STRIDE3_STRIDE          :   0.0494
20:57:23 -    2. POSIX_STRIDE2_STRIDE          :   0.0226
20:57:23 -    3. POSIX_SIZE_WRITE_100_1K       :   0.0226
20:57:23 -    4. POSIX_SIZE_WRITE_1K_10K       :   0.0226
20:57:23 -    5. POSIX_SIZE_WRITE_10K_100K     :   0.0226
20:57:23 -    6. POSIX_STRIDE1_STRIDE          :   0.0226
20:57:23 -    7. POSIX_SIZE_WRITE_100K_1M      :   0.0226
20:57:23 -    8. POSIX_FILE_NOT_ALIGNED        :   0.0226
20:57:23 -    9. POSIX_SIZE_READ_0_100         :   0.0226
20:57:23 -   10. POSIX_SIZE_READ_100_1K        :   0.0226
20:57:23 - 
======================================================================
20:57:23 - GNNEXPLAINER ANALYSIS
20:57:23 - ======================================================================
20:57:31 - Raw GNNExplainer Scores (Top 10):
20:57:31 -    1. POSIX_OPENS                   :   0.5487
20:57:31 -    2. POSIX_SIZE_WRITE_10K_100K     :   0.5456
20:57:31 -    3. LUSTRE_STRIPE_SIZE            :   0.5444
20:57:31 -    4. POSIX_STRIDE3_STRIDE          :   0.5425
20:57:31 -    5. POSIX_ACCESS2_ACCESS          :   0.5213
20:57:31 -    6. POSIX_SIZE_WRITE_100_1K       :   0.5192
20:57:31 -    7. POSIX_SIZE_WRITE_100K_1M      :   0.5182
20:57:31 -    8. POSIX_SIZE_WRITE_0_100        :   0.5178
20:57:31 -    9. POSIX_CONSEC_WRITES           :   0.5168
20:57:31 -   10. POSIX_SIZE_READ_100K_1M       :   0.5144
20:57:31 - 
======================================================================
20:57:31 - GRADIENT ANALYSIS (INTEGRATED GRADIENTS)
20:57:31 - ======================================================================
20:57:32 - Raw Gradient Scores (Top 10):
20:57:32 -    1. POSIX_BYTES_WRITTEN           :   0.1323
20:57:32 -    2. POSIX_BYTES_READ              :   0.0946
20:57:32 -    3. LUSTRE_STRIPE_SIZE            :   0.0927
20:57:32 -    4. POSIX_STRIDE2_STRIDE          :   0.0469
20:57:32 -    5. POSIX_ACCESS1_ACCESS          :   0.0411
20:57:32 -    6. POSIX_ACCESS2_ACCESS          :   0.0397
20:57:32 -    7. POSIX_MEM_ALIGNMENT           :   0.0378
20:57:32 -    8. POSIX_RW_SWITCHES             :   0.0313
20:57:32 -    9. POSIX_OPENS                   :   0.0310
20:57:32 -   10. POSIX_SIZE_WRITE_100_1K       :   0.0273
20:57:32 - 
======================================================================
20:57:32 - Z-SCORE NORMALIZATION AND CONSENSUS CALCULATION
20:57:32 - ======================================================================
20:57:32 - 
Step 1: Raw Scores from Each Method
20:57:32 - --------------------------------------------------
20:57:32 - 
ATTENTION:
20:57:32 -   - POSIX_STRIDE3_STRIDE          :   0.0494
20:57:32 -   - POSIX_STRIDE2_STRIDE          :   0.0226
20:57:32 -   - POSIX_SIZE_WRITE_100_1K       :   0.0226
20:57:32 -   - POSIX_SIZE_WRITE_1K_10K       :   0.0226
20:57:32 -   - POSIX_SIZE_WRITE_10K_100K     :   0.0226
20:57:32 - 
GNN EXPLAINER:
20:57:32 -   - POSIX_OPENS                   :   0.5487
20:57:32 -   - POSIX_SIZE_WRITE_10K_100K     :   0.5456
20:57:32 -   - LUSTRE_STRIPE_SIZE            :   0.5444
20:57:32 -   - POSIX_STRIDE3_STRIDE          :   0.5425
20:57:32 -   - POSIX_ACCESS2_ACCESS          :   0.5213
20:57:32 - 
GRADIENTS:
20:57:32 -   - POSIX_BYTES_WRITTEN           :   0.1323
20:57:32 -   - POSIX_BYTES_READ              :   0.0946
20:57:32 -   - LUSTRE_STRIPE_SIZE            :   0.0927
20:57:32 -   - POSIX_STRIDE2_STRIDE          :   0.0469
20:57:32 -   - POSIX_ACCESS1_ACCESS          :   0.0411
20:57:32 - 
Step 2: Z-Score Normalization
20:57:32 - --------------------------------------------------
20:57:32 - Formula: z = (x - mean) / std
20:57:32 - 
ATTENTION:
20:57:32 -   Mean = 0.0253, Std = 0.0080
20:57:32 -   Z-normalized scores (Top 5):
20:57:32 -     - POSIX_STRIDE3_STRIDE          :  +3.000 (very high importance)
20:57:32 -     - POSIX_STRIDE2_STRIDE          :  -0.329 (low importance)
20:57:32 -     - POSIX_SIZE_WRITE_100_1K       :  -0.331 (low importance)
20:57:32 -     - POSIX_SIZE_WRITE_1K_10K       :  -0.331 (low importance)
20:57:32 -     - POSIX_SIZE_WRITE_10K_100K     :  -0.331 (low importance)
20:57:32 - 
GNN EXPLAINER:
20:57:32 -   Mean = 0.4722, Std = 0.0477
20:57:32 -   Z-normalized scores (Top 5):
20:57:32 -     - POSIX_OPENS                   :  +1.603 (very high importance)
20:57:32 -     - POSIX_SIZE_WRITE_10K_100K     :  +1.539 (very high importance)
20:57:32 -     - LUSTRE_STRIPE_SIZE            :  +1.512 (very high importance)
20:57:32 -     - POSIX_STRIDE3_STRIDE          :  +1.473 (high importance)
20:57:32 -     - POSIX_ACCESS2_ACCESS          :  +1.029 (high importance)
20:57:32 - 
GRADIENTS:
20:57:32 -   Mean = 0.0194, Std = 0.0270
20:57:32 -   Z-normalized scores (Top 5):
20:57:32 -     - POSIX_BYTES_WRITTEN           :  +4.187 (very high importance)
20:57:32 -     - POSIX_BYTES_READ              :  +2.790 (very high importance)
20:57:32 -     - LUSTRE_STRIPE_SIZE            :  +2.720 (very high importance)
20:57:32 -     - POSIX_STRIDE2_STRIDE          :  +1.022 (high importance)
20:57:32 -     - POSIX_ACCESS1_ACCESS          :  +0.807 (high importance)
20:57:32 - 
Step 3: Equal Weight Consensus (1/3 each method)
20:57:32 - --------------------------------------------------
20:57:32 - Formula: Consensus = (1/3 × Attention_Z) + (1/3 × GNN_Z) + (1/3 × Gradient_Z)
20:57:32 - 
Final Consensus Rankings:
20:57:32 - Rank  1: LUSTRE_STRIPE_SIZE             →  +2.116
20:57:32 -          Contributing methods: GNN(+1.51) + Grad(+2.72)
20:57:32 -          Consensus strength: STRONG (multiple methods agree)
20:57:32 - 
20:57:32 - Rank  2: POSIX_BYTES_WRITTEN            →  +1.845
20:57:32 -          Contributing methods: GNN(-0.50) + Grad(+4.19)
20:57:32 -          Consensus strength: STRONG (multiple methods agree)
20:57:32 - 
20:57:32 - Rank  3: POSIX_BYTES_READ               →  +1.620
20:57:32 -          Contributing methods: GNN(+0.45) + Grad(+2.79)
20:57:32 -          Consensus strength: STRONG (multiple methods agree)
20:57:32 - 
20:57:32 - Rank  4: POSIX_STRIDE3_STRIDE           →  +1.567
20:57:32 -          Contributing methods: Att(+3.00) + GNN(+1.47) + Grad(+0.23)
20:57:32 -          Consensus strength: STRONG (multiple methods agree)
20:57:32 - 
20:57:32 - Rank  5: POSIX_OPENS                    →  +1.017
20:57:32 -          Contributing methods: GNN(+1.60) + Grad(+0.43)
20:57:32 -          Consensus strength: STRONG (multiple methods agree)
20:57:32 - 
20:57:32 - Rank  6: POSIX_ACCESS2_ACCESS           →  +0.892
20:57:32 -          Contributing methods: GNN(+1.03) + Grad(+0.76)
20:57:32 -          Consensus strength: STRONG (multiple methods agree)
20:57:32 - 
20:57:32 - Rank  7: POSIX_RW_SWITCHES              →  +0.656
20:57:32 -          Contributing methods: GNN(+0.87) + Grad(+0.44)
20:57:32 -          Consensus strength: STRONG (multiple methods agree)
20:57:32 - 
20:57:32 - Rank  8: POSIX_STRIDE2_STRIDE           →  +0.446
20:57:32 -          Contributing methods: Att(-0.33) + GNN(+0.65) + Grad(+1.02)
20:57:32 -          Consensus strength: STRONG (multiple methods agree)
20:57:32 - 
20:57:32 - Rank  9: POSIX_SIZE_READ_100K_1M        →  +0.412
20:57:32 -          Contributing methods: GNN(+0.88) + Grad(-0.06)
20:57:32 -          Consensus strength: STRONG (multiple methods agree)
20:57:32 - 
20:57:32 - Rank 10: POSIX_SIZE_WRITE_0_100         →  +0.390
20:57:32 -          Contributing methods: GNN(+0.96) + Grad(-0.18)
20:57:32 -          Consensus strength: STRONG (multiple methods agree)
20:57:32 - 
======================================================================
20:57:32 - GENERATING BOTTLENECK REPORT
20:57:32 - ======================================================================
20:57:32 - ✓ Full scores report saved to bottleneck_report_full_scores.json
20:57:32 - ✓ Bottleneck report saved to bottleneck_report.json
20:57:32 - 
======================================================================
20:57:32 - ANALYSIS SUMMARY
20:57:32 - ======================================================================
20:57:32 - Performance: 7.68 MB/s (predicted) vs 28.58 MB/s (actual)
20:57:32 - Primary Bottleneck: LUSTRE_STRIPE_SIZE
20:57:32 - Recommendation: Adjust Lustre stripe size for workload
20:57:32 - 
======================================================================
20:57:32 - ANALYSIS COMPLETE!
20:57:32 - ======================================================================
20:57:32 - Output:
20:57:32 - Report: bottleneck_report.json
