18:52:34 - 
======================================================================
18:52:34 - 🚀 INITIALIZING IOR INTERPRETABILITY ANALYZER
18:52:34 - ======================================================================
18:52:35 - Model configuration: hidden=512, layers=2, heads=[8, 1]
18:52:40 - ✓ Loaded 1,000,000 training samples
18:52:40 - 
======================================================================
18:52:40 - 🔬 RUNNING INTERPRETABILITY ANALYSIS
18:52:40 - ======================================================================
18:52:40 - 
======================================================================
18:52:40 - 🔍 CREATING SUBGRAPH FOR ANALYSIS
18:52:40 - ======================================================================
18:52:41 - Selected 100 neighbors for analysis
18:52:41 - Created subgraph with 101 nodes and 200 edges
18:52:42 - 
======================================================================
18:52:42 - 📈 PERFORMANCE PREDICTION
18:52:42 - ======================================================================
18:52:42 - Predicted: 7.63 MB/s
18:52:42 - Actual: 14.78 MB/s
18:52:42 - Error: 7.15 MB/s
18:52:42 - Relative Error: 48.4%
18:52:42 - 
======================================================================
18:52:42 - 📊 ATTENTION ANALYSIS
18:52:42 - ======================================================================
18:52:43 -   Using fallback: extracting raw attention weights
18:52:43 -   Extracted 10 features from raw attention
18:52:43 - Raw Attention Scores (Top 10):
18:52:43 -    1. POSIX_CONSEC_READS            :   0.0324
18:52:43 -    2. nprocs                        :   0.0291
18:52:43 -    3. POSIX_SEQ_READS               :   0.0281
18:52:43 -    4. POSIX_READS                   :   0.0278
18:52:43 -    5. POSIX_WRITES                  :   0.0278
18:52:43 -    6. POSIX_SEEKS                   :   0.0278
18:52:43 -    7. POSIX_STATS                   :   0.0278
18:52:43 -    8. POSIX_BYTES_READ              :   0.0278
18:52:43 -    9. POSIX_BYTES_WRITTEN           :   0.0278
18:52:43 -   10. POSIX_ACCESS3_COUNT           :   0.0256
18:52:43 - 
======================================================================
18:52:43 - 📊 GNNEXPLAINER ANALYSIS
18:52:43 - ======================================================================
18:53:42 - Raw GNNExplainer Scores (Top 10):
18:53:42 -    1. POSIX_STRIDE2_STRIDE          :   0.5657
18:53:42 -    2. POSIX_SIZE_WRITE_0_100        :   0.5630
18:53:42 -    3. POSIX_MEM_ALIGNMENT           :   0.5555
18:53:42 -    4. POSIX_STRIDE4_STRIDE          :   0.5498
18:53:42 -    5. nprocs                        :   0.5469
18:53:42 -    6. POSIX_READS                   :   0.5466
18:53:42 -    7. POSIX_SIZE_WRITE_100_1K       :   0.5443
18:53:42 -    8. POSIX_SIZE_WRITE_10K_100K     :   0.5353
18:53:42 -    9. POSIX_STATS                   :   0.5284
18:53:42 -   10. LUSTRE_STRIPE_SIZE            :   0.5273
18:53:42 - 
======================================================================
18:53:42 - 📊 GRADIENT ANALYSIS (INTEGRATED GRADIENTS)
18:53:42 - ======================================================================
18:53:47 - Raw Gradient Scores (Top 10):
18:53:47 -    1. POSIX_BYTES_WRITTEN           :   0.1450
18:53:47 -    2. LUSTRE_STRIPE_SIZE            :   0.0896
18:53:47 -    3. POSIX_SIZE_WRITE_10K_100K     :   0.0629
18:53:47 -    4. POSIX_STRIDE2_STRIDE          :   0.0541
18:53:47 -    5. POSIX_WRITES                  :   0.0429
18:53:47 -    6. POSIX_ACCESS1_ACCESS          :   0.0415
18:53:47 -    7. POSIX_MEM_ALIGNMENT           :   0.0400
18:53:47 -    8. POSIX_STRIDE4_STRIDE          :   0.0380
18:53:47 -    9. POSIX_MEM_NOT_ALIGNED         :   0.0380
18:53:47 -   10. POSIX_BYTES_READ              :   0.0318
18:53:47 - 
======================================================================
18:53:47 - 🔬 Z-SCORE NORMALIZATION AND CONSENSUS CALCULATION
18:53:47 - ======================================================================
18:53:47 - 
📊 Step 1: Raw Scores from Each Method
18:53:47 - --------------------------------------------------
18:53:47 - 
ATTENTION:
18:53:47 -   - POSIX_CONSEC_READS            :   0.0324
18:53:47 -   - nprocs                        :   0.0291
18:53:47 -   - POSIX_SEQ_READS               :   0.0281
18:53:47 -   - POSIX_READS                   :   0.0278
18:53:47 -   - POSIX_WRITES                  :   0.0278
18:53:47 - 
GNN EXPLAINER:
18:53:47 -   - POSIX_STRIDE2_STRIDE          :   0.5657
18:53:47 -   - POSIX_SIZE_WRITE_0_100        :   0.5630
18:53:47 -   - POSIX_MEM_ALIGNMENT           :   0.5555
18:53:47 -   - POSIX_STRIDE4_STRIDE          :   0.5498
18:53:47 -   - nprocs                        :   0.5469
18:53:47 - 
GRADIENTS:
18:53:47 -   - POSIX_BYTES_WRITTEN           :   0.1450
18:53:47 -   - LUSTRE_STRIPE_SIZE            :   0.0896
18:53:47 -   - POSIX_SIZE_WRITE_10K_100K     :   0.0629
18:53:47 -   - POSIX_STRIDE2_STRIDE          :   0.0541
18:53:47 -   - POSIX_WRITES                  :   0.0429
18:53:47 - 
📊 Step 2: Z-Score Normalization
18:53:47 - --------------------------------------------------
18:53:47 - Formula: z = (x - mean) / std
18:53:47 - 
ATTENTION:
18:53:47 -   Mean = 0.0282, Std = 0.0016
18:53:47 -   Z-normalized scores (Top 5):
18:53:47 -     - POSIX_CONSEC_READS            :  +2.583 (very high importance)
18:53:47 -     - nprocs                        :  +0.591 (high importance)
18:53:47 -     - POSIX_SEQ_READS               :  -0.024 (low importance)
18:53:47 -     - POSIX_READS                   :  -0.257 (low importance)
18:53:47 -     - POSIX_WRITES                  :  -0.257 (low importance)
18:53:47 - 
GNN EXPLAINER:
18:53:47 -   Mean = 0.4890, Std = 0.0427
18:53:47 -   Z-normalized scores (Top 5):
18:53:47 -     - POSIX_STRIDE2_STRIDE          :  +1.795 (very high importance)
18:53:47 -     - POSIX_SIZE_WRITE_0_100        :  +1.730 (very high importance)
18:53:47 -     - POSIX_MEM_ALIGNMENT           :  +1.556 (very high importance)
18:53:47 -     - POSIX_STRIDE4_STRIDE          :  +1.423 (high importance)
18:53:47 -     - nprocs                        :  +1.354 (high importance)
18:53:47 - 
GRADIENTS:
18:53:47 -   Mean = 0.0176, Std = 0.0273
18:53:47 -   Z-normalized scores (Top 5):
18:53:47 -     - POSIX_BYTES_WRITTEN           :  +4.663 (very high importance)
18:53:47 -     - LUSTRE_STRIPE_SIZE            :  +2.633 (very high importance)
18:53:47 -     - POSIX_SIZE_WRITE_10K_100K     :  +1.659 (very high importance)
18:53:47 -     - POSIX_STRIDE2_STRIDE          :  +1.335 (high importance)
18:53:47 -     - POSIX_WRITES                  :  +0.924 (high importance)
18:53:47 - 
📊 Step 3: Equal Weight Consensus (1/3 each method)
18:53:47 - --------------------------------------------------
18:53:47 - Formula: Consensus = (1/3 × Attention_Z) + (1/3 × GNN_Z) + (1/3 × Gradient_Z)
18:53:47 - 
🏆 Final Consensus Rankings:
18:53:47 - Rank  1: LUSTRE_STRIPE_SIZE             →  +1.764
18:53:47 -          Contributing methods: GNN(+0.90) + Grad(+2.63)
18:53:47 -          Consensus strength: STRONG (multiple methods agree)
18:53:47 - 
18:53:47 - Rank  2: POSIX_STRIDE2_STRIDE           →  +1.565
18:53:47 -          Contributing methods: GNN(+1.79) + Grad(+1.33)
18:53:47 -          Consensus strength: STRONG (multiple methods agree)
18:53:47 - 
18:53:47 - Rank  3: POSIX_SIZE_WRITE_10K_100K      →  +1.371
18:53:47 -          Contributing methods: GNN(+1.08) + Grad(+1.66)
18:53:47 -          Consensus strength: STRONG (multiple methods agree)
18:53:47 - 
18:53:47 - Rank  4: POSIX_BYTES_WRITTEN            →  +1.360
18:53:47 -          Contributing methods: Att(-0.26) + GNN(-0.32) + Grad(+4.66)
18:53:47 -          Consensus strength: STRONG (multiple methods agree)
18:53:47 - 
18:53:47 - Rank  5: POSIX_MEM_ALIGNMENT            →  +1.187
18:53:47 -          Contributing methods: GNN(+1.56) + Grad(+0.82)
18:53:47 -          Consensus strength: STRONG (multiple methods agree)
18:53:47 - 
18:53:47 - Rank  6: POSIX_STRIDE4_STRIDE           →  +1.085
18:53:47 -          Contributing methods: GNN(+1.42) + Grad(+0.75)
18:53:47 -          Consensus strength: STRONG (multiple methods agree)
18:53:47 - 
18:53:47 - Rank  7: POSIX_SIZE_WRITE_0_100         →  +0.620
18:53:47 -          Contributing methods: GNN(+1.73) + Grad(-0.49)
18:53:47 -          Consensus strength: STRONG (multiple methods agree)
18:53:47 - 
18:53:47 - Rank  8: POSIX_CONSEC_READS             →  +0.567
18:53:47 -          Contributing methods: Att(+2.58) + GNN(-0.24) + Grad(-0.64)
18:53:47 -          Consensus strength: STRONG (multiple methods agree)
18:53:47 - 
18:53:47 - Rank  9: nprocs                         →  +0.510
18:53:47 -          Contributing methods: Att(+0.59) + GNN(+1.35) + Grad(-0.42)
18:53:47 -          Consensus strength: STRONG (multiple methods agree)
18:53:47 - 
18:53:47 - Rank 10: POSIX_ACCESS1_ACCESS           →  +0.503
18:53:47 -          Contributing methods: GNN(+0.13) + Grad(+0.88)
18:53:47 -          Consensus strength: STRONG (multiple methods agree)
18:53:47 - 
======================================================================
18:53:47 - 📊 GENERATING PROFESSIONAL VISUALIZATIONS
18:53:47 - ======================================================================
18:53:56 - Saved consensus contribution chart to ./interpretability_figures/consensus_contribution_chart.png
18:53:57 - 
✓ All visualizations saved to ./interpretability_figures
18:53:57 - 
======================================================================
18:53:57 - 📝 GENERATING BOTTLENECK REPORT
18:53:57 - ======================================================================
18:53:57 - ✓ Bottleneck report saved to bottleneck_report.json
18:53:57 - 
======================================================================
18:53:57 - 📋 ANALYSIS SUMMARY
18:53:57 - ======================================================================
18:53:57 - Performance: 7.63 MB/s (predicted) vs 14.78 MB/s (actual)
18:53:57 - Primary Bottleneck: LUSTRE_STRIPE_SIZE
18:53:57 - Recommendation: Adjust Lustre stripe size for workload
18:53:57 - 
======================================================================
18:53:57 - ✅ ANALYSIS COMPLETE!
18:53:57 - ======================================================================
18:53:57 - Outputs:
18:53:57 -   📊 Visualizations: ./interpretability_figures/
18:53:57 -   📝 Report: bottleneck_report.json
18:53:57 - 
Visualization types created for each method:
18:53:57 -   • Horizontal bar chart (classic academic style)
18:53:57 -   • Lollipop chart (modern style)
18:53:57 -   • Heatmap (intensity visualization)
18:53:57 -   • Diverging bar chart (z-score normalized)
18:53:57 - 
Consensus visualizations:
18:53:57 -   • Consensus diverging bar with rankings
18:53:57 -   • Method comparison dot plot
18:53:57 -   • Method comparison heatmap
