20:18:53 - 
======================================================================
20:18:53 - 🚀 INITIALIZING IOR INTERPRETABILITY ANALYZER
20:18:53 - ======================================================================
20:18:53 - Model configuration: hidden=512, layers=2, heads=[8, 1]
20:18:58 - ✓ Loaded 1,000,000 training samples
20:18:58 - 
======================================================================
20:18:58 - 🔬 RUNNING INTERPRETABILITY ANALYSIS
20:18:58 - ======================================================================
20:18:58 - 
======================================================================
20:18:58 - 🔍 CREATING SUBGRAPH FOR ANALYSIS
20:18:58 - ======================================================================
20:18:58 - Selected 100 neighbors for analysis
20:18:58 - Created subgraph with 101 nodes and 200 edges
20:18:59 - 
======================================================================
20:18:59 - 📈 PERFORMANCE PREDICTION
20:18:59 - ======================================================================
20:18:59 - Predicted: 7.46 MB/s
20:18:59 - Actual: 217.96 MB/s
20:18:59 - Error: 210.50 MB/s
20:18:59 - Relative Error: 96.6%
20:18:59 - 
======================================================================
20:18:59 - 📊 ATTENTION ANALYSIS
20:18:59 - ======================================================================
20:19:01 -   Using fallback: extracting raw attention weights
20:19:02 -   Extracted 10 features from raw attention
20:19:02 - Raw Attention Scores (Top 10):
20:19:02 -    1. POSIX_STRIDE1_STRIDE          :   0.0252
20:19:02 -    2. POSIX_STRIDE2_STRIDE          :   0.0252
20:19:02 -    3. POSIX_STRIDE3_STRIDE          :   0.0252
20:19:02 -    4. POSIX_SEQ_WRITES              :   0.0252
20:19:02 -    5. POSIX_RW_SWITCHES             :   0.0252
20:19:02 -    6. POSIX_MEM_NOT_ALIGNED         :   0.0252
20:19:02 -    7. POSIX_FILE_NOT_ALIGNED        :   0.0252
20:19:02 -    8. POSIX_SIZE_READ_0_100         :   0.0252
20:19:02 -    9. POSIX_SIZE_READ_100_1K        :   0.0252
20:19:02 -   10. POSIX_SIZE_WRITE_10K_100K     :   0.0252
20:19:02 - 
======================================================================
20:19:02 - 📊 GNNEXPLAINER ANALYSIS
20:19:02 - ======================================================================
20:20:30 - Raw GNNExplainer Scores (Top 10):
20:20:30 -    1. POSIX_SEQ_WRITES              :   0.5238
20:20:30 -    2. POSIX_ACCESS2_COUNT           :   0.5126
20:20:30 -    3. POSIX_WRITES                  :   0.5061
20:20:30 -    4. POSIX_FILE_NOT_ALIGNED        :   0.5033
20:20:30 -    5. POSIX_STRIDE2_STRIDE          :   0.4919
20:20:30 -    6. POSIX_BYTES_WRITTEN           :   0.4909
20:20:30 -    7. POSIX_OPENS                   :   0.4843
20:20:30 -    8. POSIX_FILE_ALIGNMENT          :   0.4836
20:20:30 -    9. POSIX_STRIDE1_COUNT           :   0.4789
20:20:30 -   10. POSIX_STATS                   :   0.4710
20:20:30 - 
======================================================================
20:20:30 - 📊 GRADIENT ANALYSIS (INTEGRATED GRADIENTS)
20:20:30 - ======================================================================
20:20:31 - Raw Gradient Scores (Top 10):
20:20:31 -    1. POSIX_BYTES_WRITTEN           :   0.0984
20:20:31 -    2. LUSTRE_STRIPE_SIZE            :   0.0819
20:20:31 -    3. POSIX_ACCESS2_COUNT           :   0.0810
20:20:31 -    4. POSIX_STRIDE3_STRIDE          :   0.0721
20:20:31 -    5. POSIX_STRIDE1_COUNT           :   0.0638
20:20:31 -    6. POSIX_SIZE_WRITE_100K_1M      :   0.0580
20:20:31 -    7. POSIX_STRIDE2_STRIDE          :   0.0491
20:20:31 -    8. POSIX_STRIDE4_COUNT           :   0.0481
20:20:31 -    9. POSIX_SIZE_WRITE_0_100        :   0.0479
20:20:31 -   10. nprocs                        :   0.0384
20:20:31 - 
======================================================================
20:20:31 - 🔬 Z-SCORE NORMALIZATION AND CONSENSUS CALCULATION
20:20:31 - ======================================================================
20:20:31 - 
📊 Step 1: Raw Scores from Each Method
20:20:31 - --------------------------------------------------
20:20:31 - 
ATTENTION:
20:20:31 -   - POSIX_STRIDE1_STRIDE          :   0.0252
20:20:31 -   - POSIX_STRIDE2_STRIDE          :   0.0252
20:20:31 -   - POSIX_STRIDE3_STRIDE          :   0.0252
20:20:31 -   - POSIX_SEQ_WRITES              :   0.0252
20:20:31 -   - POSIX_RW_SWITCHES             :   0.0252
20:20:31 - 
GNN EXPLAINER:
20:20:31 -   - POSIX_SEQ_WRITES              :   0.5238
20:20:31 -   - POSIX_ACCESS2_COUNT           :   0.5126
20:20:31 -   - POSIX_WRITES                  :   0.5061
20:20:31 -   - POSIX_FILE_NOT_ALIGNED        :   0.5033
20:20:31 -   - POSIX_STRIDE2_STRIDE          :   0.4919
20:20:31 - 
GRADIENTS:
20:20:31 -   - POSIX_BYTES_WRITTEN           :   0.0984
20:20:31 -   - LUSTRE_STRIPE_SIZE            :   0.0819
20:20:31 -   - POSIX_ACCESS2_COUNT           :   0.0810
20:20:31 -   - POSIX_STRIDE3_STRIDE          :   0.0721
20:20:31 -   - POSIX_STRIDE1_COUNT           :   0.0638
20:20:31 - 
📊 Step 2: Z-Score Normalization
20:20:31 - --------------------------------------------------
20:20:31 - Formula: z = (x - mean) / std
20:20:31 - 
ATTENTION:
20:20:31 -   Mean = 0.0252, Std = 0.0000
20:20:31 -   Z-normalized scores (Top 5):
20:20:31 -     - POSIX_STRIDE1_STRIDE          :  +1.447 (high importance)
20:20:31 -     - POSIX_STRIDE2_STRIDE          :  +1.447 (high importance)
20:20:31 -     - POSIX_STRIDE3_STRIDE          :  +1.447 (high importance)
20:20:31 -     - POSIX_SEQ_WRITES              :  -0.017 (low importance)
20:20:31 -     - POSIX_RW_SWITCHES             :  -0.017 (low importance)
20:20:31 - 
GNN EXPLAINER:
20:20:31 -   Mean = 0.4295, Std = 0.0686
20:20:31 -   Z-normalized scores (Top 5):
20:20:31 -     - POSIX_SEQ_WRITES              :  +1.376 (high importance)
20:20:31 -     - POSIX_ACCESS2_COUNT           :  +1.213 (high importance)
20:20:31 -     - POSIX_WRITES                  :  +1.118 (high importance)
20:20:31 -     - POSIX_FILE_NOT_ALIGNED        :  +1.077 (high importance)
20:20:31 -     - POSIX_STRIDE2_STRIDE          :  +0.911 (high importance)
20:20:31 - 
GRADIENTS:
20:20:31 -   Mean = 0.0198, Std = 0.0265
20:20:31 -   Z-normalized scores (Top 5):
20:20:31 -     - POSIX_BYTES_WRITTEN           :  +2.966 (very high importance)
20:20:31 -     - LUSTRE_STRIPE_SIZE            :  +2.345 (very high importance)
20:20:31 -     - POSIX_ACCESS2_COUNT           :  +2.311 (very high importance)
20:20:31 -     - POSIX_STRIDE3_STRIDE          :  +1.977 (very high importance)
20:20:31 -     - POSIX_STRIDE1_COUNT           :  +1.660 (very high importance)
20:20:31 - 
📊 Step 3: Equal Weight Consensus (1/3 each method)
20:20:31 - --------------------------------------------------
20:20:31 - Formula: Consensus = (1/3 × Attention_Z) + (1/3 × GNN_Z) + (1/3 × Gradient_Z)
20:20:31 - 
🏆 Final Consensus Rankings:
20:20:31 - Rank  1: POSIX_BYTES_WRITTEN            →  +1.931
20:20:31 -          Contributing methods: GNN(+0.90) + Grad(+2.97)
20:20:31 -          Consensus strength: STRONG (multiple methods agree)
20:20:31 - 
20:20:31 - Rank  2: POSIX_ACCESS2_COUNT            →  +1.762
20:20:31 -          Contributing methods: GNN(+1.21) + Grad(+2.31)
20:20:31 -          Consensus strength: STRONG (multiple methods agree)
20:20:31 - 
20:20:31 - Rank  3: LUSTRE_STRIPE_SIZE             →  +1.472
20:20:31 -          Contributing methods: GNN(+0.60) + Grad(+2.35)
20:20:31 -          Consensus strength: STRONG (multiple methods agree)
20:20:31 - 
20:20:31 - Rank  4: POSIX_STRIDE3_STRIDE           →  +1.315
20:20:31 -          Contributing methods: Att(+1.45) + GNN(+0.52) + Grad(+1.98)
20:20:31 -          Consensus strength: STRONG (multiple methods agree)
20:20:31 - 
20:20:31 - Rank  5: POSIX_STRIDE1_COUNT            →  +1.191
20:20:31 -          Contributing methods: GNN(+0.72) + Grad(+1.66)
20:20:31 -          Consensus strength: STRONG (multiple methods agree)
20:20:31 - 
20:20:31 - Rank  6: POSIX_STRIDE2_STRIDE           →  +1.155
20:20:31 -          Contributing methods: Att(+1.45) + GNN(+0.91) + Grad(+1.11)
20:20:31 -          Consensus strength: STRONG (multiple methods agree)
20:20:31 - 
20:20:31 - Rank  7: POSIX_SIZE_WRITE_100K_1M       →  +0.938
20:20:31 -          Contributing methods: GNN(+0.43) + Grad(+1.44)
20:20:31 -          Consensus strength: STRONG (multiple methods agree)
20:20:31 - 
20:20:31 - Rank  8: POSIX_SIZE_WRITE_0_100         →  +0.762
20:20:31 -          Contributing methods: GNN(+0.46) + Grad(+1.06)
20:20:31 -          Consensus strength: STRONG (multiple methods agree)
20:20:31 - 
20:20:31 - Rank  9: POSIX_OPENS                    →  +0.673
20:20:31 -          Contributing methods: GNN(+0.80) + Grad(+0.55)
20:20:31 -          Consensus strength: STRONG (multiple methods agree)
20:20:31 - 
20:20:31 - Rank 10: POSIX_FILE_ALIGNMENT           →  +0.661
20:20:31 -          Contributing methods: GNN(+0.79) + Grad(+0.53)
20:20:31 -          Consensus strength: STRONG (multiple methods agree)
20:20:31 - 
======================================================================
20:20:31 - 📝 GENERATING BOTTLENECK REPORT
20:20:31 - ======================================================================
20:20:31 - ✓ Bottleneck report saved to bottleneck_report.json
20:20:31 - 
======================================================================
20:20:31 - 📋 ANALYSIS SUMMARY
20:20:31 - ======================================================================
20:20:31 - Performance: 7.46 MB/s (predicted) vs 217.96 MB/s (actual)
20:20:31 - Primary Bottleneck: POSIX_BYTES_WRITTEN
20:20:31 - Recommendation: Optimize total data written, consider compression
20:20:31 - 
======================================================================
20:20:31 - ✅ ANALYSIS COMPLETE!
20:20:31 - ======================================================================
20:20:31 - Output:
20:20:31 -   📝 Report: bottleneck_report.json
