17:33:25 - 
======================================================================
17:33:25 - 🚀 INITIALIZING IOR INTERPRETABILITY ANALYZER
17:33:25 - ======================================================================
17:33:26 - Model configuration: hidden=512, layers=2, heads=[8, 1]
17:33:31 - ✓ Loaded 1,000,000 training samples
17:33:31 - 
======================================================================
17:33:31 - 🔬 RUNNING INTERPRETABILITY ANALYSIS
17:33:31 - ======================================================================
17:33:31 - 
======================================================================
17:33:31 - 🔍 CREATING SUBGRAPH FOR ANALYSIS
17:33:31 - ======================================================================
17:33:31 - Selected 100 neighbors for analysis
17:33:31 - Created subgraph with 101 nodes and 200 edges
17:33:32 - 
======================================================================
17:33:32 - 📈 PERFORMANCE PREDICTION
17:33:32 - ======================================================================
17:33:32 - Predicted: 7.46 MB/s
17:33:32 - Actual: 217.96 MB/s
17:33:32 - Error: 210.50 MB/s
17:33:32 - Relative Error: 96.6%
17:33:32 - 
======================================================================
17:33:32 - 📊 ATTENTION ANALYSIS
17:33:32 - ======================================================================
17:33:34 -   Using fallback: extracting raw attention weights
17:33:35 -   Extracted 10 features from raw attention
17:33:35 - Raw Attention Scores (Top 10):
17:33:35 -    1. POSIX_STRIDE1_STRIDE          :   0.0252
17:33:35 -    2. POSIX_STRIDE2_STRIDE          :   0.0252
17:33:35 -    3. POSIX_STRIDE3_STRIDE          :   0.0252
17:33:35 -    4. POSIX_SEQ_WRITES              :   0.0252
17:33:35 -    5. POSIX_RW_SWITCHES             :   0.0252
17:33:35 -    6. POSIX_MEM_NOT_ALIGNED         :   0.0252
17:33:35 -    7. POSIX_FILE_NOT_ALIGNED        :   0.0252
17:33:35 -    8. POSIX_SIZE_READ_0_100         :   0.0252
17:33:35 -    9. POSIX_SIZE_READ_100_1K        :   0.0252
17:33:35 -   10. POSIX_SIZE_WRITE_10K_100K     :   0.0252
17:33:35 - 
======================================================================
17:33:35 - 📊 GNNEXPLAINER ANALYSIS
17:33:35 - ======================================================================
17:33:52 - Raw GNNExplainer Scores (Top 10):
17:33:52 -    1. POSIX_BYTES_WRITTEN           :   0.5143
17:33:52 -    2. POSIX_STRIDE2_STRIDE          :   0.4917
17:33:52 -    3. POSIX_CONSEC_WRITES           :   0.4659
17:33:52 -    4. POSIX_ACCESS2_COUNT           :   0.4646
17:33:52 -    5. POSIX_FILE_NOT_ALIGNED        :   0.4642
17:33:52 -    6. POSIX_SEQ_WRITES              :   0.4534
17:33:52 -    7. POSIX_OPENS                   :   0.4433
17:33:52 -    8. POSIX_SIZE_WRITE_100_1K       :   0.4408
17:33:52 -    9. LUSTRE_STRIPE_SIZE            :   0.4361
17:33:52 -   10. POSIX_FILE_ALIGNMENT          :   0.4356
17:33:52 - 
======================================================================
17:33:52 - 📊 GRADIENT ANALYSIS (INTEGRATED GRADIENTS)
17:33:52 - ======================================================================
17:33:53 - Raw Gradient Scores (Top 10):
17:33:53 -    1. POSIX_BYTES_WRITTEN           :   0.0984
17:33:53 -    2. LUSTRE_STRIPE_SIZE            :   0.0819
17:33:53 -    3. POSIX_ACCESS2_COUNT           :   0.0810
17:33:53 -    4. POSIX_STRIDE3_STRIDE          :   0.0721
17:33:53 -    5. POSIX_STRIDE1_COUNT           :   0.0638
17:33:53 -    6. POSIX_SIZE_WRITE_100K_1M      :   0.0580
17:33:53 -    7. POSIX_STRIDE2_STRIDE          :   0.0491
17:33:53 -    8. POSIX_STRIDE4_COUNT           :   0.0481
17:33:53 -    9. POSIX_SIZE_WRITE_0_100        :   0.0479
17:33:53 -   10. nprocs                        :   0.0384
17:33:53 - 
======================================================================
17:33:53 - 🔬 Z-SCORE NORMALIZATION AND CONSENSUS CALCULATION
17:33:53 - ======================================================================
17:33:53 - 
📊 Step 1: Raw Scores from Each Method
17:33:53 - --------------------------------------------------
17:33:53 - 
ATTENTION:
17:33:53 -   - POSIX_STRIDE1_STRIDE          :   0.0252
17:33:53 -   - POSIX_STRIDE2_STRIDE          :   0.0252
17:33:53 -   - POSIX_STRIDE3_STRIDE          :   0.0252
17:33:53 -   - POSIX_SEQ_WRITES              :   0.0252
17:33:53 -   - POSIX_RW_SWITCHES             :   0.0252
17:33:53 - 
GNN EXPLAINER:
17:33:53 -   - POSIX_BYTES_WRITTEN           :   0.5143
17:33:53 -   - POSIX_STRIDE2_STRIDE          :   0.4917
17:33:53 -   - POSIX_CONSEC_WRITES           :   0.4659
17:33:53 -   - POSIX_ACCESS2_COUNT           :   0.4646
17:33:53 -   - POSIX_FILE_NOT_ALIGNED        :   0.4642
17:33:53 - 
GRADIENTS:
17:33:53 -   - POSIX_BYTES_WRITTEN           :   0.0984
17:33:53 -   - LUSTRE_STRIPE_SIZE            :   0.0819
17:33:53 -   - POSIX_ACCESS2_COUNT           :   0.0810
17:33:53 -   - POSIX_STRIDE3_STRIDE          :   0.0721
17:33:53 -   - POSIX_STRIDE1_COUNT           :   0.0638
17:33:53 - 
📊 Step 2: Z-Score Normalization
17:33:53 - --------------------------------------------------
17:33:53 - Formula: z = (x - mean) / std
17:33:53 - 
ATTENTION:
17:33:53 -   Mean = 0.0252, Std = 0.0000
17:33:53 -   Z-normalized scores (Top 5):
17:33:53 -     - POSIX_STRIDE1_STRIDE          :  +1.447 (high importance)
17:33:53 -     - POSIX_STRIDE2_STRIDE          :  +1.447 (high importance)
17:33:53 -     - POSIX_STRIDE3_STRIDE          :  +1.447 (high importance)
17:33:53 -     - POSIX_SEQ_WRITES              :  -0.017 (low importance)
17:33:53 -     - POSIX_RW_SWITCHES             :  -0.017 (low importance)
17:33:53 - 
GNN EXPLAINER:
17:33:53 -   Mean = 0.3933, Std = 0.0713
17:33:53 -   Z-normalized scores (Top 5):
17:33:53 -     - POSIX_BYTES_WRITTEN           :  +1.697 (very high importance)
17:33:53 -     - POSIX_STRIDE2_STRIDE          :  +1.379 (high importance)
17:33:53 -     - POSIX_CONSEC_WRITES           :  +1.017 (high importance)
17:33:53 -     - POSIX_ACCESS2_COUNT           :  +0.999 (high importance)
17:33:53 -     - POSIX_FILE_NOT_ALIGNED        :  +0.993 (high importance)
17:33:53 - 
GRADIENTS:
17:33:53 -   Mean = 0.0198, Std = 0.0265
17:33:53 -   Z-normalized scores (Top 5):
17:33:53 -     - POSIX_BYTES_WRITTEN           :  +2.966 (very high importance)
17:33:53 -     - LUSTRE_STRIPE_SIZE            :  +2.345 (very high importance)
17:33:53 -     - POSIX_ACCESS2_COUNT           :  +2.311 (very high importance)
17:33:53 -     - POSIX_STRIDE3_STRIDE          :  +1.977 (very high importance)
17:33:53 -     - POSIX_STRIDE1_COUNT           :  +1.660 (very high importance)
17:33:53 - 
📊 Step 3: Equal Weight Consensus (1/3 each method)
17:33:53 - --------------------------------------------------
17:33:53 - Formula: Consensus = (1/3 × Attention_Z) + (1/3 × GNN_Z) + (1/3 × Gradient_Z)
17:33:53 - 
🏆 Final Consensus Rankings:
17:33:53 - Rank  1: POSIX_BYTES_WRITTEN            →  +2.331
17:33:53 -          Contributing methods: GNN(+1.70) + Grad(+2.97)
17:33:53 -          Consensus strength: STRONG (multiple methods agree)
17:33:53 - 
17:33:53 - Rank  2: POSIX_ACCESS2_COUNT            →  +1.655
17:33:53 -          Contributing methods: GNN(+1.00) + Grad(+2.31)
17:33:53 -          Consensus strength: STRONG (multiple methods agree)
17:33:53 - 
17:33:53 - Rank  3: LUSTRE_STRIPE_SIZE             →  +1.472
17:33:53 -          Contributing methods: GNN(+0.60) + Grad(+2.35)
17:33:53 -          Consensus strength: STRONG (multiple methods agree)
17:33:53 - 
17:33:53 - Rank  4: POSIX_STRIDE2_STRIDE           →  +1.311
17:33:53 -          Contributing methods: Att(+1.45) + GNN(+1.38) + Grad(+1.11)
17:33:53 -          Consensus strength: STRONG (multiple methods agree)
17:33:53 - 
17:33:53 - Rank  5: POSIX_STRIDE3_STRIDE           →  +1.243
17:33:53 -          Contributing methods: Att(+1.45) + GNN(+0.31) + Grad(+1.98)
17:33:53 -          Consensus strength: STRONG (multiple methods agree)
17:33:53 - 
17:33:53 - Rank  6: POSIX_STRIDE1_COUNT            →  +1.124
17:33:53 -          Contributing methods: GNN(+0.59) + Grad(+1.66)
17:33:53 -          Consensus strength: STRONG (multiple methods agree)
17:33:53 - 
17:33:53 - Rank  7: POSIX_OPENS                    →  +0.623
17:33:53 -          Contributing methods: GNN(+0.70) + Grad(+0.55)
17:33:53 -          Consensus strength: STRONG (multiple methods agree)
17:33:53 - 
17:33:53 - Rank  8: POSIX_FILE_ALIGNMENT           →  +0.563
17:33:53 -          Contributing methods: GNN(+0.59) + Grad(+0.53)
17:33:53 -          Consensus strength: STRONG (multiple methods agree)
17:33:53 - 
17:33:53 - Rank  9: POSIX_STRIDE4_COUNT            →  +0.488
17:33:53 -          Contributing methods: GNN(-0.09) + Grad(+1.07)
17:33:53 -          Consensus strength: STRONG (multiple methods agree)
17:33:53 - 
17:33:53 - Rank 10: POSIX_STRIDE1_STRIDE           →  +0.425
17:33:53 -          Contributing methods: Att(+1.45) + GNN(+0.37) + Grad(-0.54)
17:33:53 -          Consensus strength: STRONG (multiple methods agree)
17:33:53 - 
======================================================================
17:33:53 - 📝 GENERATING BOTTLENECK REPORT
17:33:53 - ======================================================================
17:33:53 - ✓ Bottleneck report saved to bottleneck_report.json
17:33:53 - 
======================================================================
17:33:53 - 📋 ANALYSIS SUMMARY
17:33:53 - ======================================================================
17:33:53 - Performance: 7.46 MB/s (predicted) vs 217.96 MB/s (actual)
17:33:53 - Primary Bottleneck: POSIX_BYTES_WRITTEN
17:33:53 - Recommendation: Optimize total data written, consider compression
17:33:53 - 
======================================================================
17:33:53 - ✅ ANALYSIS COMPLETE!
17:33:53 - ======================================================================
17:33:53 - Output:
17:33:53 -   📝 Report: bottleneck_report.json
